Component: ARM Compiler 5.06 update 2 (build 183) Tool: armlink [4d35b7]

==============================================================================

Section Cross References

    startup_stm32f10x_md.o(STACK) refers (Special) to heapauxi.o(.text) for __use_two_region_memory
    startup_stm32f10x_md.o(HEAP) refers (Special) to heapauxi.o(.text) for __use_two_region_memory
    startup_stm32f10x_md.o(RESET) refers (Special) to heapauxi.o(.text) for __use_two_region_memory
    startup_stm32f10x_md.o(RESET) refers to startup_stm32f10x_md.o(STACK) for __initial_sp
    startup_stm32f10x_md.o(RESET) refers to startup_stm32f10x_md.o(.text) for Reset_Handler
    startup_stm32f10x_md.o(RESET) refers to stm32_it.o(.text) for NMI_Handler
    startup_stm32f10x_md.o(.text) refers (Special) to heapauxi.o(.text) for __use_two_region_memory
    startup_stm32f10x_md.o(.text) refers to main.o(.text) for SystemInit
    startup_stm32f10x_md.o(.text) refers to __main.o(!!!main) for __main
    startup_stm32f10x_md.o(.text) refers to startup_stm32f10x_md.o(HEAP) for Heap_Mem
    startup_stm32f10x_md.o(.text) refers to startup_stm32f10x_md.o(STACK) for Stack_Mem
    system_stm32f10x.o(.text) refers to system_stm32f10x.o(.data) for SystemCoreClock
    stm32f10x_adc.o(.text) refers to stm32f10x_rcc.o(.text) for RCC_APB2PeriphResetCmd
    stm32f10x_bkp.o(.text) refers to stm32f10x_rcc.o(.text) for RCC_BackupResetCmd
    stm32f10x_can.o(.text) refers to stm32f10x_rcc.o(.text) for RCC_APB1PeriphResetCmd
    stm32f10x_cec.o(.text) refers to stm32f10x_rcc.o(.text) for RCC_APB1PeriphResetCmd
    stm32f10x_dac.o(.text) refers to stm32f10x_rcc.o(.text) for RCC_APB1PeriphResetCmd
    stm32f10x_gpio.o(.text) refers to stm32f10x_rcc.o(.text) for RCC_APB2PeriphResetCmd
    stm32f10x_i2c.o(.text) refers to stm32f10x_rcc.o(.text) for RCC_APB1PeriphResetCmd
    stm32f10x_pwr.o(.text) refers to stm32f10x_rcc.o(.text) for RCC_APB1PeriphResetCmd
    stm32f10x_rcc.o(.text) refers to stm32f10x_rcc.o(.data) for APBAHBPrescTable
    stm32f10x_spi.o(.text) refers to stm32f10x_rcc.o(.text) for RCC_APB2PeriphResetCmd
    stm32f10x_tim.o(.text) refers to stm32f10x_rcc.o(.text) for RCC_APB2PeriphResetCmd
    stm32f10x_usart.o(.text) refers to stm32f10x_rcc.o(.text) for RCC_APB2PeriphResetCmd
    stm32f10x_wwdg.o(.text) refers to stm32f10x_rcc.o(.text) for RCC_APB1PeriphResetCmd
    hw_config.o(.text) refers to stm32f10x_rcc.o(.text) for RCC_APB2PeriphClockCmd
    hw_config.o(.text) refers to stm32f10x_exti.o(.text) for EXTI_ClearITPendingBit
    hw_config.o(.text) refers to main.o(.text) for SystemInit
    hw_config.o(.text) refers to misc.o(.text) for NVIC_PriorityGroupConfig
    hw_config.o(.text) refers to stm32f10x_gpio.o(.text) for GPIO_ResetBits
    hw_config.o(.text) refers to usb_mem.o(.text) for UserToPMABufferCopy
    hw_config.o(.text) refers to usb_regs.o(.text) for SetEPTxCount
    hw_config.o(.text) refers to hw_config.o(.data) for b
    hw_config.o(.text) refers to usb_pwr.o(.data) for bDeviceState
    hw_config.o(.text) refers to usb_init.o(.bss) for Device_Info
    hw_config.o(.text) refers to main.o(.data) for flag_TX_USB
    hw_config.o(.text) refers to main.o(.bss) for packet_buffer
    hw_config.o(.text) refers to usb_desc.o(.data) for Virtual_Com_Port_StringSerial
    stm32_it.o(.text) refers to usb_istr.o(.text) for USB_Istr
    stm32_it.o(.text) refers to stm32f10x_exti.o(.text) for EXTI_ClearITPendingBit
    usb_endp.o(.text) refers to usb_mem.o(.text) for UserToPMABufferCopy
    usb_endp.o(.text) refers to usb_regs.o(.text) for SetEPTxCount
    usb_endp.o(.text) refers to hw_config.o(.text) for Handle_USBAsynchXfer
    usb_endp.o(.text) refers to usb_sil.o(.text) for USB_SIL_Read
    usb_endp.o(.text) refers to main.o(.data) for flag_TX_USB
    usb_endp.o(.text) refers to main.o(.bss) for packet_buffer
    usb_endp.o(.text) refers to usb_pwr.o(.data) for bDeviceState
    usb_endp.o(.text) refers to usb_endp.o(.data) for FrameCount
    usb_endp.o(.text) refers to hw_config.o(.data) for USB_Tx_State
    usb_istr.o(.text) refers to usb_endp.o(.text) for SOF_Callback
    usb_istr.o(.text) refers to usb_int.o(.text) for CTR_LP
    usb_istr.o(.text) refers to usb_pwr.o(.text) for Resume
    usb_istr.o(.text) refers to usb_istr.o(.data) for wIstr
    usb_istr.o(.text) refers to usb_init.o(.data) for wInterrupt_Mask
    usb_istr.o(.text) refers to usb_prop.o(.data) for Device_Property
    usb_istr.o(.text) refers to usb_pwr.o(.data) for fSuspendEnabled
    usb_istr.o(.data) refers to usb_endp.o(.text) for EP1_IN_Callback
    usb_istr.o(.data) refers to usb_core.o(.text) for NOP_Process
    usb_prop.o(.text) refers to hw_config.o(.text) for Get_SerialNum
    usb_prop.o(.text) refers to usb_pwr.o(.text) for PowerOn
    usb_prop.o(.text) refers to usb_sil.o(.text) for USB_SIL_Init
    usb_prop.o(.text) refers to usb_regs.o(.text) for SetBTABLE
    usb_prop.o(.text) refers to usb_core.o(.text) for SetDeviceAddress
[...]
    usb-fifo.o(.text) refers to main.o(.bss) for packet_buffer
    usb_core.o(.text) refers to usb_regs.o(.text) for ClearDTOG_TX
    usb_core.o(.text) refers to usb_init.o(.data) for pInformation
    usb_core.o(.text) refers to usb_prop.o(.data) for Device_Table
    usb_core.o(.text) refers to usb_core.o(.data) for StatusInfo
    usb_core.o(.text) refers to usb_mem.o(.text) for PMAToUserBufferCopy
    usb_core.o(.text) refers to usb_int.o(.data) for SaveRState
    usb_init.o(.text) refers to usb_init.o(.bss) for Device_Info
    usb_init.o(.text) refers to usb_init.o(.data) for pInformation
    usb_init.o(.text) refers to usb_prop.o(.data) for Device_Property
    usb_int.o(.text) refers to usb_core.o(.text) for In0_Process
    usb_int.o(.text) refers to usb_istr.o(.data) for wIstr
    usb_int.o(.text) refers to usb_init.o(.data) for EPindex
    usb_int.o(.text) refers to usb_int.o(.data) for SaveRState
    usb_sil.o(.text) refers to usb_regs.o(.text) for GetEPTxAddr
    usb_sil.o(.text) refers to usb_mem.o(.text) for UserToPMABufferCopy
    usb_sil.o(.text) refers to usb_init.o(.data) for wInterrupt_Mask
    __main.o(!!!main) refers to __rtentry.o(.ARM.Collect$$rtentry$$00000000) for __rt_entry
    __rtentry.o(.ARM.Collect$$rtentry$$00000000) refers (Special) to __rtentry2.o(.ARM.Collect$$rtentry$$0000000A) for __rt_entry_li
    __rtentry.o(.ARM.Collect$$rtentry$$00000000) refers (Special) to __rtentry2.o(.ARM.Collect$$rtentry$$0000000D) for __rt_entry_main
    __rtentry.o(.ARM.Collect$$rtentry$$00000000) refers (Special) to __rtentry2.o(.ARM.Collect$$rtentry$$0000000C) for __rt_entry_postli_1
    __rtentry.o(.ARM.Collect$$rtentry$$00000000) refers (Special) to __rtentry2.o(.ARM.Collect$$rtentry$$00000009) for __rt_entry_postsh_1
    __rtentry.o(.ARM.Collect$$rtentry$$00000000) refers (Special) to __rtentry2.o(.ARM.Collect$$rtentry$$00000002) for __rt_entry_presh_1
    __rtentry.o(.ARM.Collect$$rtentry$$00000000) refers (Special) to __rtentry4.o(.ARM.Collect$$rtentry$$00000004) for __rt_entry_sh
    __rtentry2.o(.ARM.Collect$$rtentry$$00000008) refers to boardinit2.o(.text) for _platform_post_stackheap_init
    __rtentry2.o(.ARM.Collect$$rtentry$$0000000A) refers to libinit.o(.ARM.Collect$$libinit$$00000000) for __rt_lib_init
    __rtentry2.o(.ARM.Collect$$rtentry$$0000000B) refers to boardinit3.o(.text) for _platform_post_lib_init
    __rtentry2.o(.ARM.Collect$$rtentry$$0000000D) refers to main.o(.text) for main
    __rtentry2.o(.ARM.Collect$$rtentry$$0000000D) refers to exit.o(.text) for exit
    __rtentry2.o(.ARM.exidx) refers to __rtentry2.o(.ARM.Collect$$rtentry$$00000001) for .ARM.Collect$$rtentry$$00000001
    __rtentry2.o(.ARM.exidx) refers to __rtentry2.o(.ARM.Collect$$rtentry$$00000008) for .ARM.Collect$$rtentry$$00000008
    __rtentry2.o(.ARM.exidx) refers to __rtentry2.o(.ARM.Collect$$rtentry$$0000000A) for .ARM.Collect$$rtentry$$0000000A
    __rtentry2.o(.ARM.exidx) refers to __rtentry2.o(.ARM.Collect$$rtentry$$0000000B) for .ARM.Collect$$rtentry$$0000000B
    __rtentry2.o(.ARM.exidx) refers to __rtentry2.o(.ARM.Collect$$rtentry$$0000000D) for .ARM.Collect$$rtentry$$0000000D
    __rtentry4.o(.ARM.Collect$$rtentry$$00000004) refers to sys_stackheap_outer.o(.text) for __user_setup_stackheap
    __rtentry4.o(.ARM.exidx) refers to __rtentry4.o(.ARM.Collect$$rtentry$$00000004) for .ARM.Collect$$rtentry$$00000004
    sys_stackheap_outer.o(.text) refers to libspace.o(.text) for __user_perproc_libspace
    sys_stackheap_outer.o(.text) refers to startup_stm32f10x_md.o(.text) for __user_initial_stackheap
    exit.o(.text) refers to rtexit.o(.ARM.Collect$$rtexit$$00000000) for __rt_exit
    libinit.o(.ARM.Collect$$libinit$$00000000) refers (Special) to libinit2.o(.ARM.Collect$$libinit$$0000002E) for __rt_lib_init_alloca_1
    libinit.o(.ARM.Collect$$libinit$$00000000) refers (Special) to libinit2.o(.ARM.Collect$$libinit$$0000002C) for __rt_lib_init_argv_1
    libinit.o(.ARM.Collect$$libinit$$00000000) refers (Special) to libinit2.o(.ARM.Collect$$libinit$$0000001B) for __rt_lib_init_atexit_1
    libinit.o(.ARM.Collect$$libinit$$00000000) refers (Special) to libinit2.o(.ARM.Collect$$libinit$$00000021) for __rt_lib_init_clock_1
    libinit.o(.ARM.Collect$$libinit$$00000000) refers (Special) to libinit2.o(.ARM.Collect$$libinit$$00000032) for __rt_lib_init_cpp_1
    libinit.o(.ARM.Collect$$libinit$$00000000) refers (Special) to libinit2.o(.ARM.Collect$$libinit$$00000030) for __rt_lib_init_exceptions_1
    libinit.o(.ARM.Collect$$libinit$$00000000) refers (Special) to libinit2.o(.ARM.Collect$$libinit$$00000002) for __rt_lib_init_fp_1
    libinit.o(.ARM.Collect$$libinit$$00000000) refers (Special) to libinit2.o(.ARM.Collect$$libinit$$0000001F) for __rt_lib_init_fp_trap_1
    libinit.o(.ARM.Collect$$libinit$$00000000) refers (Special) to libinit2.o(.ARM.Collect$$libinit$$00000023) for __rt_lib_init_getenv_1
    libinit.o(.ARM.Collect$$libinit$$00000000) refers (Special) to libinit2.o(.ARM.Collect$$libinit$$0000000A) for __rt_lib_init_heap_1
    libinit.o(.ARM.Collect$$libinit$$00000000) refers (Special) to libinit2.o(.ARM.Collect$$libinit$$00000011) for __rt_lib_init_lc_collate_1
    libinit.o(.ARM.Collect$$libinit$$00000000) refers (Special) to libinit2.o(.ARM.Collect$$libinit$$00000013) for __rt_lib_init_lc_ctype_1
    libinit.o(.ARM.Collect$$libinit$$00000000) refers (Special) to libinit2.o(.ARM.Collect$$libinit$$00000015) for __rt_lib_init_lc_monetary_1
    libinit.o(.ARM.Collect$$libinit$$00000000) refers (Special) to libinit2.o(.ARM.Collect$$libinit$$00000017) for __rt_lib_init_lc_numeric_1
    libinit.o(.ARM.Collect$$libinit$$00000000) refers (Special) to libinit2.o(.ARM.Collect$$libinit$$00000019) for __rt_lib_init_lc_time_1
    libinit.o(.ARM.Collect$$libinit$$00000000) refers (Special) to libinit2.o(.ARM.Collect$$libinit$$00000004) for __rt_lib_init_preinit_1
    libinit.o(.ARM.Collect$$libinit$$00000000) refers (Special) to libinit2.o(.ARM.Collect$$libinit$$0000000E) for __rt_lib_init_rand_1
    libinit.o(.ARM.Collect$$libinit$$00000000) refers (Special) to libinit2.o(.ARM.Collect$$libinit$$00000033) for __rt_lib_init_return
    libinit.o(.ARM.Collect$$libinit$$00000000) refers (Special) to libinit2.o(.ARM.Collect$$libinit$$0000001D) for __rt_lib_init_signal_1
    libinit.o(.ARM.Collect$$libinit$$00000000) refers (Special) to libinit2.o(.ARM.Collect$$libinit$$00000025) for __rt_lib_init_stdio_1
    libinit.o(.ARM.Collect$$libinit$$00000000) refers (Special) to libinit2.o(.ARM.Collect$$libinit$$0000000C) for __rt_lib_init_user_alloc_1
    libspace.o(.text) refers to libspace.o(.bss) for __libspace_start
    rtexit.o(.ARM.Collect$$rtexit$$00000000) refers (Special) to rtexit2.o(.ARM.Collect$$rtexit$$00000004) for __rt_exit_exit
    rtexit.o(.ARM.Collect$$rtexit$$00000000) refers (Special) to rtexit2.o(.ARM.Collect$$rtexit$$00000003) for __rt_exit_ls
    rtexit.o(.ARM.Collect$$rtexit$$00000000) refers (Special) to rtexit2.o(.ARM.Collect$$rtexit$$00000002) for __rt_exit_prels_1
    rtexit.o(.ARM.exidx) refers (Special) to rtexit2.o(.ARM.Collect$$rtexit$$00000004) for __rt_exit_exit
    rtexit.o(.ARM.exidx) refers (Special) to rtexit2.o(.ARM.Collect$$rtexit$$00000003) for __rt_exit_ls
    rtexit.o(.ARM.exidx) refers (Special) to rtexit2.o(.ARM.Collect$$rtexit$$00000002) for __rt_exit_prels_1
    rtexit.o(.ARM.exidx) refers to rtexit.o(.ARM.Collect$$rtexit$$00000000) for .ARM.Collect$$rtexit$$00000000
    libinit2.o(.ARM.Collect$$libinit$$00000010) refers to libinit2.o(.ARM.Collect$$libinit$$0000000F) for .ARM.Collect$$libinit$$0000000F
    libinit2.o(.ARM.Collect$$libinit$$00000012) refers to libinit2.o(.ARM.Collect$$libinit$$0000000F) for .ARM.Collect$$libinit$$0000000F
    libinit2.o(.ARM.Collect$$libinit$$00000014) refers to libinit2.o(.ARM.Collect$$libinit$$0000000F) for .ARM.Collect$$libinit$$0000000F
    libinit2.o(.ARM.Collect$$libinit$$00000016) refers to libinit2.o(.ARM.Collect$$libinit$$0000000F) for .ARM.Collect$$libinit$$0000000F
    libinit2.o(.ARM.Collect$$libinit$$00000018) refers to libinit2.o(.ARM.Collect$$libinit$$0000000F) for .ARM.Collect$$libinit$$0000000F
    libinit2.o(.ARM.Collect$$libinit$$00000026) refers to argv_veneer.o(.emb_text) for __ARM_argv_veneer
    libinit2.o(.ARM.Collect$$libinit$$00000027) refers to argv_veneer.o(.emb_text) for __ARM_argv_veneer
    rtexit2.o(.ARM.Collect$$rtexit$$00000003) refers to libshutdown.o(.ARM.Collect$$libshutdown$$00000000) for __rt_lib_shutdown
    rtexit2.o(.ARM.Collect$$rtexit$$00000004) refers to sys_exit.o(.text) for _sys_exit
    rtexit2.o(.ARM.exidx) refers to rtexit2.o(.ARM.Collect$$rtexit$$00000001) for .ARM.Collect$$rtexit$$00000001
    rtexit2.o(.ARM.exidx) refers to rtexit2.o(.ARM.Collect$$rtexit$$00000003) for .ARM.Collect$$rtexit$$00000003
    rtexit2.o(.ARM.exidx) refers to rtexit2.o(.ARM.Collect$$rtexit$$00000004) for .ARM.Collect$$rtexit$$00000004
    argv_veneer.o(.emb_text) refers to no_argv.o(.text) for __ARM_get_argv
    sys_exit.o(.text) refers (Special) to use_no_semi.o(.text) for __I$use$semihosting
    sys_exit.o(.text) refers (Special) to indicate_semi.o(.text) for __semihosting_library_function
    _get_argv_nomalloc.o(.text) refers (Special) to hrguard.o(.text) for __heap_region$guard
    _get_argv_nomalloc.o(.text) refers to defsig_rtmem_outer.o(.text) for __rt_SIGRTMEM
    _get_argv_nomalloc.o(.text) refers to sys_command.o(.text) for _sys_command_string
    libshutdown.o(.ARM.Collect$$libshutdown$$00000000) refers (Special) to libshutdown2.o(.ARM.Collect$$libshutdown$$00000002) for __rt_lib_shutdown_cpp_1
    libshutdown.o(.ARM.Collect$$libshutdown$$00000000) refers (Special) to libshutdown2.o(.ARM.Collect$$libshutdown$$00000007) for __rt_lib_shutdown_fp_trap_1
    libshutdown.o(.ARM.Collect$$libshutdown$$00000000) refers (Special) to libshutdown2.o(.ARM.Collect$$libshutdown$$0000000F) for __rt_lib_shutdown_heap_1
    libshutdown.o(.ARM.Collect$$libshutdown$$00000000) refers (Special) to libshutdown2.o(.ARM.Collect$$libshutdown$$00000010) for __rt_lib_shutdown_return
    libshutdown.o(.ARM.Collect$$libshutdown$$00000000) refers (Special) to libshutdown2.o(.ARM.Collect$$libshutdown$$0000000A) for __rt_lib_shutdown_signal_1
    libshutdown.o(.ARM.Collect$$libshutdown$$00000000) refers (Special) to libshutdown2.o(.ARM.Collect$$libshutdown$$00000004) for __rt_lib_shutdown_stdio_1
    libshutdown.o(.ARM.Collect$$libshutdown$$00000000) refers (Special) to libshutdown2.o(.ARM.Collect$$libshutdown$$0000000C) for __rt_lib_shutdown_user_alloc_1
    sys_command.o(.text) refers (Special) to use_no_semi.o(.text) for __I$use$semihosting
    sys_command.o(.text) refers (Special) to indicate_semi.o(.text) for __semihosting_library_function
    defsig_rtmem_outer.o(.text) refers to defsig_rtmem_inner.o(.text) for __rt_SIGRTMEM_inner
    defsig_rtmem_outer.o(.text) refers to defsig_exit.o(.text) for __sig_exit
    defsig_rtmem_formal.o(.text) refers to rt_raise.o(.text) for __rt_raise
    rt_raise.o(.text) refers to __raise.o(.text) for __raise
    rt_raise.o(.text) refers to sys_exit.o(.text) for _sys_exit
    defsig_exit.o(.text) refers to sys_exit.o(.text) for _sys_exit
    defsig_rtmem_inner.o(.text) refers to defsig_general.o(.text) for __default_signal_display
    __raise.o(.text) refers to defsig.o(CL$$defsig) for __default_signal_handler
    defsig_general.o(.text) refers to sys_wrch.o(.text) for _ttywrch
    sys_wrch.o(.text) refers (Special) to use_no_semi.o(.text) for __I$use$semihosting
    sys_wrch.o(.text) refers (Special) to indicate_semi.o(.text) for __semihosting_library_function
    defsig.o(CL$$defsig) refers to defsig_rtmem_inner.o(.text) for __rt_SIGRTMEM_inner
    defsig_abrt_inner.o(.text) refers to defsig_general.o(.text) for __default_signal_display
    defsig_fpe_inner.o(.text) refers to defsig_general.o(.text) for __default_signal_display
    defsig_rtred_inner.o(.text) refers to defsig_general.o(.text) for __default_signal_display
    defsig_stak_inner.o(.text) refers to defsig_general.o(.text) for __default_signal_display
    defsig_pvfn_inner.o(.text) refers to defsig_general.o(.text) for __default_signal_display
    defsig_cppl_inner.o(.text) refers to defsig_general.o(.text) for __default_signal_display
    defsig_segv_inner.o(.text) refers to defsig_general.o(.text) for __default_signal_display
    defsig_other.o(.text) refers to defsig_general.o(.text) for __default_signal_display


==============================================================================

Removing Unused input sections from the image.

    Removing system_stm32f10x.o(.rev16_text), (4 bytes).
    Removing system_stm32f10x.o(.revsh_text), (4 bytes).
    Removing system_stm32f10x.o(.text), (172 bytes).
    Removing system_stm32f10x.o(.data), (20 bytes).
    Removing misc.o(.rev16_text), (4 bytes).
    Removing misc.o(.revsh_text), (4 bytes).
    Removing stm32f10x_adc.o(.rev16_text), (4 bytes).
    Removing stm32f10x_adc.o(.revsh_text), (4 bytes).
    Removing stm32f10x_adc.o(.text), (1102 bytes).
    Removing stm32f10x_bkp.o(.rev16_text), (4 bytes).
    Removing stm32f10x_bkp.o(.revsh_text), (4 bytes).
    Removing stm32f10x_bkp.o(.text), (196 bytes).
    Removing stm32f10x_can.o(.rev16_text), (4 bytes).
    Removing stm32f10x_can.o(.revsh_text), (4 bytes).
    Removing stm32f10x_can.o(.text), (2544 bytes).
    Removing stm32f10x_cec.o(.rev16_text), (4 bytes).
    Removing stm32f10x_cec.o(.revsh_text), (4 bytes).
    Removing stm32f10x_cec.o(.text), (288 bytes).
    Removing stm32f10x_crc.o(.rev16_text), (4 bytes).
    Removing stm32f10x_crc.o(.revsh_text), (4 bytes).
    Removing stm32f10x_crc.o(.text), (72 bytes).
    Removing stm32f10x_dac.o(.rev16_text), (4 bytes).
    Removing stm32f10x_dac.o(.revsh_text), (4 bytes).
    Removing stm32f10x_dac.o(.text), (396 bytes).
    Removing stm32f10x_dbgmcu.o(.rev16_text), (4 bytes).
    Removing stm32f10x_dbgmcu.o(.revsh_text), (4 bytes).
    Removing stm32f10x_dbgmcu.o(.text), (48 bytes).
    Removing stm32f10x_dma.o(.rev16_text), (4 bytes).
    Removing stm32f10x_dma.o(.revsh_text), (4 bytes).
    Removing stm32f10x_dma.o(.text), (596 bytes).
    Removing stm32f10x_exti.o(.rev16_text), (4 bytes).
    Removing stm32f10x_exti.o(.revsh_text), (4 bytes).
    Removing stm32f10x_flash.o(.rev16_text), (4 bytes).
    Removing stm32f10x_flash.o(.revsh_text), (4 bytes).
    Removing stm32f10x_flash.o(.text), (1468 bytes).
    Removing stm32f10x_fsmc.o(.rev16_text), (4 bytes).
    Removing stm32f10x_fsmc.o(.revsh_text), (4 bytes).
    Removing stm32f10x_fsmc.o(.text), (1548 bytes).
    Removing stm32f10x_gpio.o(.rev16_text), (4 bytes).
    Removing stm32f10x_gpio.o(.revsh_text), (4 bytes).
    Removing stm32f10x_i2c.o(.rev16_text), (4 bytes).
    Removing stm32f10x_i2c.o(.revsh_text), (4 bytes).
    Removing stm32f10x_i2c.o(.text), (1028 bytes).
    Removing stm32f10x_iwdg.o(.rev16_text), (4 bytes).
    Removing stm32f10x_iwdg.o(.revsh_text), (4 bytes).
    Removing stm32f10x_iwdg.o(.text), (64 bytes).
    Removing stm32f10x_pwr.o(.rev16_text), (4 bytes).
    Removing stm32f10x_pwr.o(.revsh_text), (4 bytes).
    Removing stm32f10x_pwr.o(.text), (204 bytes).
    Removing stm32f10x_rcc.o(.rev16_text), (4 bytes).
    Removing stm32f10x_rcc.o(.revsh_text), (4 bytes).
    Removing stm32f10x_rtc.o(.rev16_text), (4 bytes).
    Removing stm32f10x_rtc.o(.revsh_text), (4 bytes).
    Removing stm32f10x_rtc.o(.text), (328 bytes).
    Removing stm32f10x_sdio.o(.rev16_text), (4 bytes).
    Removing stm32f10x_sdio.o(.revsh_text), (4 bytes).
    Removing stm32f10x_sdio.o(.text), (468 bytes).
    Removing stm32f10x_spi.o(.rev16_text), (4 bytes).
    Removing stm32f10x_spi.o(.revsh_text), (4 bytes).
    Removing stm32f10x_spi.o(.text), (780 bytes).
    Removing stm32f10x_tim.o(.rev16_text), (4 bytes).
    Removing stm32f10x_tim.o(.revsh_text), (4 bytes).
    Removing stm32f10x_tim.o(.text), (3610 bytes).
    Removing stm32f10x_usart.o(.rev16_text), (4 bytes).
    Removing stm32f10x_usart.o(.revsh_text), (4 bytes).
    Removing stm32f10x_usart.o(.text), (1032 bytes).
    Removing stm32f10x_wwdg.o(.rev16_text), (4 bytes).
    Removing stm32f10x_wwdg.o(.revsh_text), (4 bytes).
    Removing stm32f10x_wwdg.o(.text), (136 bytes).
    Removing hw_config.o(.rev16_text), (4 bytes).
    Removing hw_config.o(.revsh_text), (4 bytes).
    Removing stm32_it.o(.rev16_text), (4 bytes).
    Removing stm32_it.o(.revsh_text), (4 bytes).
    Removing usb_desc.o(.rev16_text), (4 bytes).
    Removing usb_desc.o(.revsh_text), (4 bytes).
    Removing usb_endp.o(.rev16_text), (4 bytes).
    Removing usb_endp.o(.revsh_text), (4 bytes).
    Removing usb_istr.o(.rev16_text), (4 bytes).
    Removing usb_istr.o(.revsh_text), (4 bytes).
    Removing usb_prop.o(.rev16_text), (4 bytes).
    Removing usb_prop.o(.revsh_text), (4 bytes).
    Removing usb_pwr.o(.rev16_text), (4 bytes).
    Removing usb_pwr.o(.revsh_text), (4 bytes).
    Removing main.o(.rev16_text), (4 bytes).
    Removing main.o(.revsh_text), (4 bytes).
    Removing usb-fifo.o(.rev16_text), (4 bytes).
    Removing usb-fifo.o(.revsh_text), (4 bytes).
    Removing usb_core.o(.rev16_text), (4 bytes).
    Removing usb_core.o(.revsh_text), (4 bytes).
    Removing usb_init.o(.rev16_text), (4 bytes).
    Removing usb_init.o(.revsh_text), (4 bytes).
    Removing usb_int.o(.rev16_text), (4 bytes).
    Removing usb_int.o(.revsh_text), (4 bytes).
    Removing usb_mem.o(.rev16_text), (4 bytes).
    Removing usb_mem.o(.revsh_text), (4 bytes).
    Removing usb_regs.o(.rev16_text), (4 bytes).
    Removing usb_regs.o(.revsh_text), (4 bytes).
    Removing usb_sil.o(.rev16_text), (4 bytes).
    Removing usb_sil.o(.revsh_text), (4 bytes).

99 unused section(s) (total 16412 bytes) removed from the image.

==============================================================================

Image Symbol Table

    Local Symbols

    Symbol Name                              Value     Ov Type        Size  Object(Section)

    ../clib/angel/boardlib.s                 0x00000000   Number         0  boardshut.o ABSOLUTE
    ../clib/angel/boardlib.s                 0x00000000   Number         0  boardinit1.o ABSOLUTE
    ../clib/angel/boardlib.s                 0x00000000   Number         0  boardinit2.o ABSOLUTE
    ../clib/angel/boardlib.s                 0x00000000   Number         0  boardinit3.o ABSOLUTE
    ../clib/angel/dczerorl2.s                0x00000000   Number         0  __dczerorl2.o ABSOLUTE
    ../clib/angel/handlers.s                 0x00000000   Number         0  __scatter_zi.o ABSOLUTE
    ../clib/angel/kernel.s                   0x00000000   Number         0  rtexit.o ABSOLUTE
    ../clib/angel/kernel.s                   0x00000000   Number         0  rtexit2.o ABSOLUTE
    ../clib/angel/kernel.s                   0x00000000   Number         0  __rtentry.o ABSOLUTE
    ../clib/angel/kernel.s                   0x00000000   Number         0  __rtentry2.o ABSOLUTE
    ../clib/angel/kernel.s                   0x00000000   Number         0  __rtentry4.o ABSOLUTE
    ../clib/angel/rt.s                       0x00000000   Number         0  rt_raise.o ABSOLUTE
    ../clib/angel/scatter.s                  0x00000000   Number         0  __scatter.o ABSOLUTE
    ../clib/angel/startup.s                  0x00000000   Number         0  __main.o ABSOLUTE
    ../clib/angel/sys.s                      0x00000000   Number         0  use_no_semi.o ABSOLUTE
    ../clib/angel/sys.s                      0x00000000   Number         0  libspace.o ABSOLUTE
    ../clib/angel/sys.s                      0x00000000   Number         0  indicate_semi.o ABSOLUTE
    ../clib/angel/sys.s                      0x00000000   Number         0  sys_stackheap_outer.o ABSOLUTE
    ../clib/angel/sysapp.c                   0x00000000   Number         0  sys_command.o ABSOLUTE
    ../clib/angel/sysapp.c                   0x00000000   Number         0  sys_exit.o ABSOLUTE
    ../clib/angel/sysapp.c                   0x00000000   Number         0  sys_wrch.o ABSOLUTE
    ../clib/armsys.c                         0x00000000   Number         0  argv_veneer.o ABSOLUTE
    ../clib/armsys.c                         0x00000000   Number         0  argv_veneer.o ABSOLUTE
    ../clib/armsys.c                         0x00000000   Number         0  no_argv.o ABSOLUTE
    ../clib/armsys.c                         0x00000000   Number         0  _get_argv_nomalloc.o ABSOLUTE
    ../clib/heapalloc.c                      0x00000000   Number         0  hrguard.o ABSOLUTE
    ../clib/heapaux.c                        0x00000000   Number         0  heapauxi.o ABSOLUTE
    ../clib/libinit.s                        0x00000000   Number         0  libinit2.o ABSOLUTE
    ../clib/libinit.s                        0x00000000   Number         0  libshutdown2.o ABSOLUTE
    ../clib/libinit.s                        0x00000000   Number         0  libinit.o ABSOLUTE
    ../clib/libinit.s                        0x00000000   Number         0  libshutdown.o ABSOLUTE
    ../clib/signal.c                         0x00000000   Number         0  defsig_other.o ABSOLUTE
    ../clib/signal.c                         0x00000000   Number         0  defsig_rtmem_inner.o ABSOLUTE
    ../clib/signal.c                         0x00000000   Number         0  defsig_exit.o ABSOLUTE
    ../clib/signal.c                         0x00000000   Number         0  defsig_rtmem_formal.o ABSOLUTE
    ../clib/signal.c                         0x00000000   Number         0  defsig_rtmem_outer.o ABSOLUTE
    ../clib/signal.c                         0x00000000   Number         0  __raise.o ABSOLUTE
    ../clib/signal.c                         0x00000000   Number         0  defsig_general.o ABSOLUTE
    ../clib/signal.c                         0x00000000   Number         0  defsig_abrt_inner.o ABSOLUTE
    ../clib/signal.c                         0x00000000   Number         0  defsig_fpe_inner.o ABSOLUTE
    ../clib/signal.c                         0x00000000   Number         0  defsig_rtred_inner.o ABSOLUTE
    ../clib/signal.c                         0x00000000   Number         0  defsig_stak_inner.o ABSOLUTE
    ../clib/signal.c                         0x00000000   Number         0  defsig_pvfn_inner.o ABSOLUTE
    ../clib/signal.c                         0x00000000   Number         0  defsig_cppl_inner.o ABSOLUTE
    ../clib/signal.c                         0x00000000   Number         0  defsig_segv_inner.o ABSOLUTE
    ../clib/signal.s                         0x00000000   Number         0  defsig.o ABSOLUTE
    ../clib/stdlib.c                         0x00000000   Number         0  exit.o ABSOLUTE
    ../fplib/fpinit.s                        0x00000000   Number         0  fpinit.o ABSOLUTE
    CMSIS\\system_stm32f10x.c                0x00000000   Number         0  system_stm32f10x.o ABSOLUTE
    CMSIS\startup_stm32f10x_md.s             0x00000000   Number         0  startup_stm32f10x_md.o ABSOLUTE
    CMSIS\system_stm32f10x.c                 0x00000000   Number         0  system_stm32f10x.o ABSOLUTE
    SPL\\misc.c                              0x00000000   Number         0  misc.o ABSOLUTE
    SPL\\stm32f10x_adc.c                     0x00000000   Number         0  stm32f10x_adc.o ABSOLUTE
    SPL\\stm32f10x_bkp.c                     0x00000000   Number         0  stm32f10x_bkp.o ABSOLUTE
    SPL\\stm32f10x_can.c                     0x00000000   Number         0  stm32f10x_can.o ABSOLUTE
    SPL\\stm32f10x_cec.c                     0x00000000   Number         0  stm32f10x_cec.o ABSOLUTE
    SPL\\stm32f10x_crc.c                     0x00000000   Number         0  stm32f10x_crc.o ABSOLUTE
    SPL\\stm32f10x_dac.c                     0x00000000   Number         0  stm32f10x_dac.o ABSOLUTE
    SPL\\stm32f10x_dbgmcu.c                  0x00000000   Number         0  stm32f10x_dbgmcu.o ABSOLUTE
    SPL\\stm32f10x_dma.c                     0x00000000   Number         0  stm32f10x_dma.o ABSOLUTE
    SPL\\stm32f10x_exti.c                    0x00000000   Number         0  stm32f10x_exti.o ABSOLUTE
    SPL\\stm32f10x_flash.c                   0x00000000   Number         0  stm32f10x_flash.o ABSOLUTE
    SPL\\stm32f10x_fsmc.c                    0x00000000   Number         0  stm32f10x_fsmc.o ABSOLUTE
    SPL\\stm32f10x_gpio.c                    0x00000000   Number         0  stm32f10x_gpio.o ABSOLUTE
    SPL\\stm32f10x_i2c.c                     0x00000000   Number         0  stm32f10x_i2c.o ABSOLUTE
    SPL\\stm32f10x_iwdg.c                    0x00000000   Number         0  stm32f10x_iwdg.o ABSOLUTE
    SPL\\stm32f10x_pwr.c                     0x00000000   Number         0  stm32f10x_pwr.o ABSOLUTE
    SPL\\stm32f10x_rcc.c                     0x00000000   Number         0  stm32f10x_rcc.o ABSOLUTE
    SPL\\stm32f10x_rtc.c                     0x00000000   Number         0  stm32f10x_rtc.o ABSOLUTE
    SPL\\stm32f10x_sdio.c                    0x00000000   Number         0  stm32f10x_sdio.o ABSOLUTE
    SPL\\stm32f10x_spi.c                     0x00000000   Number         0  stm32f10x_spi.o ABSOLUTE
    SPL\\stm32f10x_tim.c                     0x00000000   Number         0  stm32f10x_tim.o ABSOLUTE
    SPL\\stm32f10x_usart.c                   0x00000000   Number         0  stm32f10x_usart.o ABSOLUTE
    SPL\\stm32f10x_wwdg.c                    0x00000000   Number         0  stm32f10x_wwdg.o ABSOLUTE
    SPL\misc.c                               0x00000000   Number         0  misc.o ABSOLUTE
    SPL\stm32f10x_adc.c                      0x00000000   Number         0  stm32f10x_adc.o ABSOLUTE
    SPL\stm32f10x_bkp.c                      0x00000000   Number         0  stm32f10x_bkp.o ABSOLUTE
    SPL\stm32f10x_can.c                      0x00000000   Number         0  stm32f10x_can.o ABSOLUTE
    SPL\stm32f10x_cec.c                      0x00000000   Number         0  stm32f10x_cec.o ABSOLUTE
    SPL\stm32f10x_crc.c                      0x00000000   Number         0  stm32f10x_crc.o ABSOLUTE
    SPL\stm32f10x_dac.c                      0x00000000   Number         0  stm32f10x_dac.o ABSOLUTE
    SPL\stm32f10x_dbgmcu.c                   0x00000000   Number         0  stm32f10x_dbgmcu.o ABSOLUTE
    SPL\stm32f10x_dma.c                      0x00000000   Number         0  stm32f10x_dma.o ABSOLUTE
    SPL\stm32f10x_exti.c                     0x00000000   Number         0  stm32f10x_exti.o ABSOLUTE
    SPL\stm32f10x_flash.c                    0x00000000   Number         0  stm32f10x_flash.o ABSOLUTE
    SPL\stm32f10x_fsmc.c                     0x00000000   Number         0  stm32f10x_fsmc.o ABSOLUTE
    SPL\stm32f10x_gpio.c                     0x00000000   Number         0  stm32f10x_gpio.o ABSOLUTE
    SPL\stm32f10x_i2c.c                      0x00000000   Number         0  stm32f10x_i2c.o ABSOLUTE
    SPL\stm32f10x_iwdg.c                     0x00000000   Number         0  stm32f10x_iwdg.o ABSOLUTE
    SPL\stm32f10x_pwr.c                      0x00000000   Number         0  stm32f10x_pwr.o ABSOLUTE
    SPL\stm32f10x_rcc.c                      0x00000000   Number         0  stm32f10x_rcc.o ABSOLUTE
    SPL\stm32f10x_rtc.c                      0x00000000   Number         0  stm32f10x_rtc.o ABSOLUTE
    SPL\stm32f10x_sdio.c                     0x00000000   Number         0  stm32f10x_sdio.o ABSOLUTE
    SPL\stm32f10x_spi.c                      0x00000000   Number         0  stm32f10x_spi.o ABSOLUTE
    SPL\stm32f10x_tim.c                      0x00000000   Number         0  stm32f10x_tim.o ABSOLUTE
    SPL\stm32f10x_usart.c                    0x00000000   Number         0  stm32f10x_usart.o ABSOLUTE
    SPL\stm32f10x_wwdg.c                     0x00000000   Number         0  stm32f10x_wwdg.o ABSOLUTE
    USB-FS\\usb_core.c                       0x00000000   Number         0  usb_core.o ABSOLUTE
    USB-FS\\usb_init.c                       0x00000000   Number         0  usb_init.o ABSOLUTE
    USB-FS\\usb_int.c                        0x00000000   Number         0  usb_int.o ABSOLUTE
    USB-FS\\usb_mem.c                        0x00000000   Number         0  usb_mem.o ABSOLUTE
    USB-FS\\usb_regs.c                       0x00000000   Number         0  usb_regs.o ABSOLUTE
    USB-FS\\usb_sil.c                        0x00000000   Number         0  usb_sil.o ABSOLUTE
    USB-FS\usb_core.c                        0x00000000   Number         0  usb_core.o ABSOLUTE
    USB-FS\usb_init.c                        0x00000000   Number         0  usb_init.o ABSOLUTE
    USB-FS\usb_int.c                         0x00000000   Number         0  usb_int.o ABSOLUTE
    USB-FS\usb_mem.c                         0x00000000   Number         0  usb_mem.o ABSOLUTE
    USB-FS\usb_regs.c                        0x00000000   Number         0  usb_regs.o ABSOLUTE
    USB-FS\usb_sil.c                         0x00000000   Number         0  usb_sil.o ABSOLUTE
    USB\\hw_config.c                         0x00000000   Number         0  hw_config.o ABSOLUTE
    USB\\stm32_it.c                          0x00000000   Number         0  stm32_it.o ABSOLUTE
    USB\\usb_desc.c                          0x00000000   Number         0  usb_desc.o ABSOLUTE
    USB\\usb_endp.c                          0x00000000   Number         0  usb_endp.o ABSOLUTE
    USB\\usb_istr.c                          0x00000000   Number         0  usb_istr.o ABSOLUTE
    USB\\usb_prop.c                          0x00000000   Number         0  usb_prop.o ABSOLUTE
    USB\\usb_pwr.c                           0x00000000   Number         0  usb_pwr.o ABSOLUTE
    USB\hw_config.c                          0x00000000   Number         0  hw_config.o ABSOLUTE
    USB\stm32_it.c                           0x00000000   Number         0  stm32_it.o ABSOLUTE
    USB\usb_desc.c                           0x00000000   Number         0  usb_desc.o ABSOLUTE
    USB\usb_endp.c                           0x00000000   Number         0  usb_endp.o ABSOLUTE
    USB\usb_istr.c                           0x00000000   Number         0  usb_istr.o ABSOLUTE
    USB\usb_prop.c                           0x00000000   Number         0  usb_prop.o ABSOLUTE
    USB\usb_pwr.c                            0x00000000   Number         0  usb_pwr.o ABSOLUTE
    dc.s                                     0x00000000   Number         0  dc.o ABSOLUTE
    src\USB-FIFO.c                           0x00000000   Number         0  usb-fifo.o ABSOLUTE
    src\\USB-FIFO.c                          0x00000000   Number         0  usb-fifo.o ABSOLUTE
    src\\main.c                              0x00000000   Number         0  main.o ABSOLUTE
    src\main.c                               0x00000000   Number         0  main.o ABSOLUTE
    RESET                                    0x08000000   Section      236  startup_stm32f10x_md.o(RESET)
    !!!main                                  0x080000ec   Section        8  __main.o(!!!main)
    !!!scatter                               0x080000f4   Section       52  __scatter.o(!!!scatter)
    !!dczerorl2                              0x08000128   Section       90  __dczerorl2.o(!!dczerorl2)
    !!handler_zi                             0x08000184   Section       28  __scatter_zi.o(!!handler_zi)
    .ARM.Collect$$libinit$$00000000          0x080001a0   Section        2  libinit.o(.ARM.Collect$$libinit$$00000000)
    .ARM.Collect$$libinit$$00000002          0x080001a2   Section        0  libinit2.o(.ARM.Collect$$libinit$$00000002)
    .ARM.Collect$$libinit$$00000004          0x080001a2   Section        0  libinit2.o(.ARM.Collect$$libinit$$00000004)
    .ARM.Collect$$libinit$$0000000A          0x080001a2   Section        0  libinit2.o(.ARM.Collect$$libinit$$0000000A)
    .ARM.Collect$$libinit$$0000000C          0x080001a2   Section        0  libinit2.o(.ARM.Collect$$libinit$$0000000C)
    .ARM.Collect$$libinit$$0000000E          0x080001a2   Section        0  libinit2.o(.ARM.Collect$$libinit$$0000000E)
    .ARM.Collect$$libinit$$00000011          0x080001a2   Section        0  libinit2.o(.ARM.Collect$$libinit$$00000011)
    .ARM.Collect$$libinit$$00000013          0x080001a2   Section        0  libinit2.o(.ARM.Collect$$libinit$$00000013)
    .ARM.Collect$$libinit$$00000015          0x080001a2   Section        0  libinit2.o(.ARM.Collect$$libinit$$00000015)
    .ARM.Collect$$libinit$$00000017          0x080001a2   Section        0  libinit2.o(.ARM.Collect$$libinit$$00000017)
    .ARM.Collect$$libinit$$00000019          0x080001a2   Section        0  libinit2.o(.ARM.Collect$$libinit$$00000019)
    .ARM.Collect$$libinit$$0000001B          0x080001a2   Section        0  libinit2.o(.ARM.Collect$$libinit$$0000001B)
    .ARM.Collect$$libinit$$0000001D          0x080001a2   Section        0  libinit2.o(.ARM.Collect$$libinit$$0000001D)
    .ARM.Collect$$libinit$$0000001F          0x080001a2   Section        0  libinit2.o(.ARM.Collect$$libinit$$0000001F)
    .ARM.Collect$$libinit$$00000021          0x080001a2   Section        0  libinit2.o(.ARM.Collect$$libinit$$00000021)
    .ARM.Collect$$libinit$$00000023          0x080001a2   Section        0  libinit2.o(.ARM.Collect$$libinit$$00000023)
    .ARM.Collect$$libinit$$00000025          0x080001a2   Section        0  libinit2.o(.ARM.Collect$$libinit$$00000025)
    .ARM.Collect$$libinit$$0000002C          0x080001a2   Section        0  libinit2.o(.ARM.Collect$$libinit$$0000002C)
    .ARM.Collect$$libinit$$0000002E          0x080001a2   Section        0  libinit2.o(.ARM.Collect$$libinit$$0000002E)
    .ARM.Collect$$libinit$$00000030          0x080001a2   Section        0  libinit2.o(.ARM.Collect$$libinit$$00000030)
    .ARM.Collect$$libinit$$00000032          0x080001a2   Section        0  libinit2.o(.ARM.Collect$$libinit$$00000032)
    .ARM.Collect$$libinit$$00000033          0x080001a2   Section        2  libinit2.o(.ARM.Collect$$libinit$$00000033)
    .ARM.Collect$$libshutdown$$00000000      0x080001a4   Section        2  libshutdown.o(.ARM.Collect$$libshutdown$$00000000)
    .ARM.Collect$$libshutdown$$00000002      0x080001a6   Section        0  libshutdown2.o(.ARM.Collect$$libshutdown$$00000002)
    .ARM.Collect$$libshutdown$$00000004      0x080001a6   Section        0  libshutdown2.o(.ARM.Collect$$libshutdown$$00000004)
    .ARM.Collect$$libshutdown$$00000007      0x080001a6   Section        0  libshutdown2.o(.ARM.Collect$$libshutdown$$00000007)
    .ARM.Collect$$libshutdown$$0000000A      0x080001a6   Section        0  libshutdown2.o(.ARM.Collect$$libshutdown$$0000000A)
    .ARM.Collect$$libshutdown$$0000000C      0x080001a6   Section        0  libshutdown2.o(.ARM.Collect$$libshutdown$$0000000C)
    .ARM.Collect$$libshutdown$$0000000F      0x080001a6   Section        0  libshutdown2.o(.ARM.Collect$$libshutdown$$0000000F)
    .ARM.Collect$$libshutdown$$00000010      0x080001a6   Section        2  libshutdown2.o(.ARM.Collect$$libshutdown$$00000010)
    .ARM.Collect$$rtentry$$00000000          0x080001a8   Section        0  __rtentry.o(.ARM.Collect$$rtentry$$00000000)
    .ARM.Collect$$rtentry$$00000002          0x080001a8   Section        0  __rtentry2.o(.ARM.Collect$$rtentry$$00000002)
    .ARM.Collect$$rtentry$$00000004          0x080001a8   Section        6  __rtentry4.o(.ARM.Collect$$rtentry$$00000004)
    .ARM.Collect$$rtentry$$00000009          0x080001ae   Section        0  __rtentry2.o(.ARM.Collect$$rtentry$$00000009)
    .ARM.Collect$$rtentry$$0000000A          0x080001ae   Section        4  __rtentry2.o(.ARM.Collect$$rtentry$$0000000A)
    .ARM.Collect$$rtentry$$0000000C          0x080001b2   Section        0  __rtentry2.o(.ARM.Collect$$rtentry$$0000000C)
    .ARM.Collect$$rtentry$$0000000D          0x080001b2   Section        8  __rtentry2.o(.ARM.Collect$$rtentry$$0000000D)
    .ARM.Collect$$rtexit$$00000000           0x080001ba   Section        2  rtexit.o(.ARM.Collect$$rtexit$$00000000)
    .ARM.Collect$$rtexit$$00000002           0x080001bc   Section        0  rtexit2.o(.ARM.Collect$$rtexit$$00000002)
    .ARM.Collect$$rtexit$$00000003           0x080001bc   Section        4  rtexit2.o(.ARM.Collect$$rtexit$$00000003)
    .ARM.Collect$$rtexit$$00000004           0x080001c0   Section        6  rtexit2.o(.ARM.Collect$$rtexit$$00000004)
    .text                                    0x080001c8   Section       64  startup_stm32f10x_md.o(.text)
    .text                                    0x08000208   Section        0  misc.o(.text)
    .text                                    0x080002e4   Section        0  stm32f10x_exti.o(.text)
    .text                                    0x08000400   Section        0  stm32f10x_gpio.o(.text)
    .text                                    0x0800075c   Section        0  stm32f10x_rcc.o(.text)
    .text                                    0x08000b08   Section        0  hw_config.o(.text)
    IntToUnicode                             0x08000c37   Thumb Code    62  hw_config.o(.text)
    .text                                    0x08000cc8   Section        0  stm32_it.o(.text)
    .text                                    0x08000cf8   Section        0  usb_endp.o(.text)
    .text                                    0x08000d90   Section        0  usb_istr.o(.text)
    .text                                    0x08000f60   Section        0  usb_prop.o(.text)
    .text                                    0x0800119c   Section        0  usb_pwr.o(.text)
    .text                                    0x080013e0   Section        0  main.o(.text)
    .text                                    0x08001500   Section        0  usb-fifo.o(.text)
    .text                                    0x0800169c   Section        0  usb_core.o(.text)
    DataStageOut                             0x08001adb   Thumb Code   166  usb_core.o(.text)
    DataStageIn                              0x08001b81   Thumb Code   166  usb_core.o(.text)
    NoData_Setup0                            0x08001c27   Thumb Code   290  usb_core.o(.text)
    Data_Setup0                              0x08001d49   Thumb Code   678  usb_core.o(.text)
    .text                                    0x080021ec   Section        0  usb_init.o(.text)
    .text                                    0x08002228   Section        0  usb_int.o(.text)
    .text                                    0x08002564   Section        0  usb_mem.o(.text)
    .text                                    0x080025c0   Section        0  usb_regs.o(.text)
    .text                                    0x08002dc8   Section        0  usb_sil.o(.text)
    .text                                    0x08002e48   Section        0  heapauxi.o(.text)
    .text                                    0x08002e4e   Section       74  sys_stackheap_outer.o(.text)
    .text                                    0x08002e98   Section        0  exit.o(.text)
    .text                                    0x08002eac   Section        8  libspace.o(.text)
    .text                                    0x08002eb4   Section        0  sys_exit.o(.text)
    .text                                    0x08002ec0   Section        2  use_no_semi.o(.text)
    .constdata                               0x08002ec2   Section      177  usb_desc.o(.constdata)
    .text                                    0x08002ec2   Section        0  indicate_semi.o(.text)
    .data                                    0x20000000   Section       20  stm32f10x_rcc.o(.data)
    APBAHBPrescTable                         0x20000000   Data          16  stm32f10x_rcc.o(.data)
    ADCPrescTable                            0x20000010   Data           4  stm32f10x_rcc.o(.data)
    .data                                    0x20000014   Section        4  hw_config.o(.data)
    .data                                    0x20000018   Section       26  usb_desc.o(.data)
    .data                                    0x20000034   Section        8  usb_endp.o(.data)
    FrameCount                               0x20000038   Data           4  usb_endp.o(.data)
    .data                                    0x2000003c   Section       68  usb_istr.o(.data)
    .data                                    0x20000080   Section      148  usb_prop.o(.data)
    .data                                    0x20000114   Section       12  usb_pwr.o(.data)
    .data                                    0x20000120   Section        7  main.o(.data)
    .data                                    0x20000128   Section        4  usb-fifo.o(.data)
    .data                                    0x2000012c   Section        3  usb_core.o(.data)
    .data                                    0x20000130   Section       20  usb_init.o(.data)
    .data                                    0x20000144   Section        4  usb_int.o(.data)
    .bss                                     0x20000148   Section       32  usb_pwr.o(.bss)
    .bss                                     0x20000168   Section       64  main.o(.bss)
    .bss                                     0x200001a8   Section      516  usb-fifo.o(.bss)
    .bss                                     0x200003ac   Section       28  usb_init.o(.bss)
    .bss                                     0x200003c8   Section       96  libspace.o(.bss)
    HEAP                                     0x20000428   Section      512  startup_stm32f10x_md.o(HEAP)
    Heap_Mem                                 0x20000428   Data         512  startup_stm32f10x_md.o(HEAP)
    STACK                                    0x20000628   Section     1024  startup_stm32f10x_md.o(STACK)
    Stack_Mem                                0x20000628   Data        1024  startup_stm32f10x_md.o(STACK)
    __initial_sp                             0x20000a28   Data           0  startup_stm32f10x_md.o(STACK)

    Global Symbols

    Symbol Name                              Value     Ov Type        Size  Object(Section)

    BuildAttributes$$THM_ISAv4$P$D$K$B$S$PE$A:L22UL41UL21$X:L11$S22US41US21$IEEE1$IW$USESV6$~STKCKD$USESV7$~SHL$OSPACE$ROPI$EBA8$UX$STANDARDLIB$REQ8$PRES8$EABIv2 0x00000000   Number         0  anon$$obj.o ABSOLUTE
    __ARM_use_no_argv                        0x00000000   Number         0  main.o ABSOLUTE
    __ARM_exceptions_init                     - Undefined Weak Reference
    __alloca_initialize                       - Undefined Weak Reference
    __arm_preinit_                            - Undefined Weak Reference
    __cpp_initialize__aeabi_                  - Undefined Weak Reference
    __cxa_finalize                            - Undefined Weak Reference
    __rt_locale                               - Undefined Weak Reference
    __sigvec_lookup                           - Undefined Weak Reference
    _atexit_init                              - Undefined Weak Reference
    _call_atexit_fns                          - Undefined Weak Reference
    _clock_init                               - Undefined Weak Reference
    _fp_trap_init                             - Undefined Weak Reference
    _fp_trap_shutdown                         - Undefined Weak Reference
    _get_lc_collate                           - Undefined Weak Reference
    _get_lc_ctype                             - Undefined Weak Reference
    _get_lc_monetary                          - Undefined Weak Reference
    _get_lc_numeric                           - Undefined Weak Reference
    _get_lc_time                              - Undefined Weak Reference
    _getenv_init                              - Undefined Weak Reference
    _handle_redirection                       - Undefined Weak Reference
    _init_alloc                               - Undefined Weak Reference
    _init_user_alloc                          - Undefined Weak Reference
    _initio                                   - Undefined Weak Reference
    _rand_init                                - Undefined Weak Reference
    _signal_finish                            - Undefined Weak Reference
    _signal_init                              - Undefined Weak Reference
    _terminate_alloc                          - Undefined Weak Reference
    _terminate_user_alloc                     - Undefined Weak Reference
    _terminateio                              - Undefined Weak Reference
    __Vectors_Size                           0x000000ec   Number         0  startup_stm32f10x_md.o ABSOLUTE
    __Vectors                                0x08000000   Data           4  startup_stm32f10x_md.o(RESET)
    __Vectors_End                            0x080000ec   Data           0  startup_stm32f10x_md.o(RESET)
    __main                                   0x080000ed   Thumb Code     8  __main.o(!!!main)
    __scatterload                            0x080000f5   Thumb Code     0  __scatter.o(!!!scatter)
    __scatterload_rt2                        0x080000f5   Thumb Code    44  __scatter.o(!!!scatter)
    __scatterload_rt2_thumb_only             0x080000f5   Thumb Code     0  __scatter.o(!!!scatter)
    __scatterload_null                       0x08000103   Thumb Code     0  __scatter.o(!!!scatter)
    __decompress                             0x08000129   Thumb Code    90  __dczerorl2.o(!!dczerorl2)
    __decompress1                            0x08000129   Thumb Code     0  __dczerorl2.o(!!dczerorl2)
    __scatterload_zeroinit                   0x08000185   Thumb Code    28  __scatter_zi.o(!!handler_zi)
    __rt_lib_init                            0x080001a1   Thumb Code     0  libinit.o(.ARM.Collect$$libinit$$00000000)
    __rt_lib_init_alloca_1                   0x080001a3   Thumb Code     0  libinit2.o(.ARM.Collect$$libinit$$0000002E)
    __rt_lib_init_argv_1                     0x080001a3   Thumb Code     0  libinit2.o(.ARM.Collect$$libinit$$0000002C)
    __rt_lib_init_atexit_1                   0x080001a3   Thumb Code     0  libinit2.o(.ARM.Collect$$libinit$$0000001B)
    __rt_lib_init_clock_1                    0x080001a3   Thumb Code     0  libinit2.o(.ARM.Collect$$libinit$$00000021)
    __rt_lib_init_cpp_1                      0x080001a3   Thumb Code     0  libinit2.o(.ARM.Collect$$libinit$$00000032)
    __rt_lib_init_exceptions_1               0x080001a3   Thumb Code     0  libinit2.o(.ARM.Collect$$libinit$$00000030)
    __rt_lib_init_fp_1                       0x080001a3   Thumb Code     0  libinit2.o(.ARM.Collect$$libinit$$00000002)
    __rt_lib_init_fp_trap_1                  0x080001a3   Thumb Code     0  libinit2.o(.ARM.Collect$$libinit$$0000001F)
    __rt_lib_init_getenv_1                   0x080001a3   Thumb Code     0  libinit2.o(.ARM.Collect$$libinit$$00000023)
    __rt_lib_init_heap_1                     0x080001a3   Thumb Code     0  libinit2.o(.ARM.Collect$$libinit$$0000000A)
    __rt_lib_init_lc_collate_1               0x080001a3   Thumb Code     0  libinit2.o(.ARM.Collect$$libinit$$00000011)
    __rt_lib_init_lc_ctype_1                 0x080001a3   Thumb Code     0  libinit2.o(.ARM.Collect$$libinit$$00000013)
    __rt_lib_init_lc_monetary_1              0x080001a3   Thumb Code     0  libinit2.o(.ARM.Collect$$libinit$$00000015)
    __rt_lib_init_lc_numeric_1               0x080001a3   Thumb Code     0  libinit2.o(.ARM.Collect$$libinit$$00000017)
    __rt_lib_init_lc_time_1                  0x080001a3   Thumb Code     0  libinit2.o(.ARM.Collect$$libinit$$00000019)
    __rt_lib_init_preinit_1                  0x080001a3   Thumb Code     0  libinit2.o(.ARM.Collect$$libinit$$00000004)
    __rt_lib_init_rand_1                     0x080001a3   Thumb Code     0  libinit2.o(.ARM.Collect$$libinit$$0000000E)
    __rt_lib_init_return                     0x080001a3   Thumb Code     0  libinit2.o(.ARM.Collect$$libinit$$00000033)
    __rt_lib_init_signal_1                   0x080001a3   Thumb Code     0  libinit2.o(.ARM.Collect$$libinit$$0000001D)
    __rt_lib_init_stdio_1                    0x080001a3   Thumb Code     0  libinit2.o(.ARM.Collect$$libinit$$00000025)
    __rt_lib_init_user_alloc_1               0x080001a3   Thumb Code     0  libinit2.o(.ARM.Collect$$libinit$$0000000C)
    __rt_lib_shutdown                        0x080001a5   Thumb Code     0  libshutdown.o(.ARM.Collect$$libshutdown$$00000000)
    __rt_lib_shutdown_cpp_1                  0x080001a7   Thumb Code     0  libshutdown2.o(.ARM.Collect$$libshutdown$$00000002)
    __rt_lib_shutdown_fp_trap_1              0x080001a7   Thumb Code     0  libshutdown2.o(.ARM.Collect$$libshutdown$$00000007)
    __rt_lib_shutdown_heap_1                 0x080001a7   Thumb Code     0  libshutdown2.o(.ARM.Collect$$libshutdown$$0000000F)
    __rt_lib_shutdown_return                 0x080001a7   Thumb Code     0  libshutdown2.o(.ARM.Collect$$libshutdown$$00000010)
    __rt_lib_shutdown_signal_1               0x080001a7   Thumb Code     0  libshutdown2.o(.ARM.Collect$$libshutdown$$0000000A)
    __rt_lib_shutdown_stdio_1                0x080001a7   Thumb Code     0  libshutdown2.o(.ARM.Collect$$libshutdown$$00000004)
    __rt_lib_shutdown_user_alloc_1           0x080001a7   Thumb Code     0  libshutdown2.o(.ARM.Collect$$libshutdown$$0000000C)
    __rt_entry                               0x080001a9   Thumb Code     0  __rtentry.o(.ARM.Collect$$rtentry$$00000000)
    __rt_entry_presh_1                       0x080001a9   Thumb Code     0  __rtentry2.o(.ARM.Collect$$rtentry$$00000002)
    __rt_entry_sh                            0x080001a9   Thumb Code     0  __rtentry4.o(.ARM.Collect$$rtentry$$00000004)
    __rt_entry_li                            0x080001af   Thumb Code     0  __rtentry2.o(.ARM.Collect$$rtentry$$0000000A)
    __rt_entry_postsh_1                      0x080001af   Thumb Code     0  __rtentry2.o(.ARM.Collect$$rtentry$$00000009)
    __rt_entry_main                          0x080001b3   Thumb Code     0  __rtentry2.o(.ARM.Collect$$rtentry$$0000000D)
    __rt_entry_postli_1                      0x080001b3   Thumb Code     0  __rtentry2.o(.ARM.Collect$$rtentry$$0000000C)
    __rt_exit                                0x080001bb   Thumb Code     0  rtexit.o(.ARM.Collect$$rtexit$$00000000)
    __rt_exit_ls                             0x080001bd   Thumb Code     0  rtexit2.o(.ARM.Collect$$rtexit$$00000003)
    __rt_exit_prels_1                        0x080001bd   Thumb Code     0  rtexit2.o(.ARM.Collect$$rtexit$$00000002)
    __rt_exit_exit                           0x080001c1   Thumb Code     0  rtexit2.o(.ARM.Collect$$rtexit$$00000004)
    Reset_Handler                            0x080001c9   Thumb Code     8  startup_stm32f10x_md.o(.text)
    ADC1_2_IRQHandler                        0x080001e3   Thumb Code     0  startup_stm32f10x_md.o(.text)
    CAN1_RX1_IRQHandler                      0x080001e3   Thumb Code     0  startup_stm32f10x_md.o(.text)
    CAN1_SCE_IRQHandler                      0x080001e3   Thumb Code     0  startup_stm32f10x_md.o(.text)
    DMA1_Channel1_IRQHandler                 0x080001e3   Thumb Code     0  startup_stm32f10x_md.o(.text)
    DMA1_Channel2_IRQHandler                 0x080001e3   Thumb Code     0  startup_stm32f10x_md.o(.text)
    DMA1_Channel3_IRQHandler                 0x080001e3   Thumb Code     0  startup_stm32f10x_md.o(.text)
    DMA1_Channel4_IRQHandler                 0x080001e3   Thumb Code     0  startup_stm32f10x_md.o(.text)
    DMA1_Channel5_IRQHandler                 0x080001e3   Thumb Code     0  startup_stm32f10x_md.o(.text)
    DMA1_Channel6_IRQHandler                 0x080001e3   Thumb Code     0  startup_stm32f10x_md.o(.text)
    DMA1_Channel7_IRQHandler                 0x080001e3   Thumb Code     0  startup_stm32f10x_md.o(.text)
    EXTI0_IRQHandler                         0x080001e3   Thumb Code     0  startup_stm32f10x_md.o(.text)
    EXTI15_10_IRQHandler                     0x080001e3   Thumb Code     0  startup_stm32f10x_md.o(.text)
    EXTI1_IRQHandler                         0x080001e3   Thumb Code     0  startup_stm32f10x_md.o(.text)
    EXTI2_IRQHandler                         0x080001e3   Thumb Code     0  startup_stm32f10x_md.o(.text)
    EXTI3_IRQHandler                         0x080001e3   Thumb Code     0  startup_stm32f10x_md.o(.text)
    EXTI4_IRQHandler                         0x080001e3   Thumb Code     0  startup_stm32f10x_md.o(.text)
    EXTI9_5_IRQHandler                       0x080001e3   Thumb Code     0  startup_stm32f10x_md.o(.text)
    FLASH_IRQHandler                         0x080001e3   Thumb Code     0  startup_stm32f10x_md.o(.text)
    I2C1_ER_IRQHandler                       0x080001e3   Thumb Code     0  startup_stm32f10x_md.o(.text)
    I2C1_EV_IRQHandler                       0x080001e3   Thumb Code     0  startup_stm32f10x_md.o(.text)
    I2C2_ER_IRQHandler                       0x080001e3   Thumb Code     0  startup_stm32f10x_md.o(.text)
    I2C2_EV_IRQHandler                       0x080001e3   Thumb Code     0  startup_stm32f10x_md.o(.text)
    PVD_IRQHandler                           0x080001e3   Thumb Code     0  startup_stm32f10x_md.o(.text)
    RCC_IRQHandler                           0x080001e3   Thumb Code     0  startup_stm32f10x_md.o(.text)
    RTCAlarm_IRQHandler                      0x080001e3   Thumb Code     0  startup_stm32f10x_md.o(.text)
    RTC_IRQHandler                           0x080001e3   Thumb Code     0  startup_stm32f10x_md.o(.text)
    SPI1_IRQHandler                          0x080001e3   Thumb Code     0  startup_stm32f10x_md.o(.text)
    SPI2_IRQHandler                          0x080001e3   Thumb Code     0  startup_stm32f10x_md.o(.text)
    TAMPER_IRQHandler                        0x080001e3   Thumb Code     0  startup_stm32f10x_md.o(.text)
    TIM1_BRK_IRQHandler                      0x080001e3   Thumb Code     0  startup_stm32f10x_md.o(.text)
    TIM1_CC_IRQHandler                       0x080001e3   Thumb Code     0  startup_stm32f10x_md.o(.text)
    TIM1_TRG_COM_IRQHandler                  0x080001e3   Thumb Code     0  startup_stm32f10x_md.o(.text)
    TIM1_UP_IRQHandler                       0x080001e3   Thumb Code     0  startup_stm32f10x_md.o(.text)
    TIM2_IRQHandler                          0x080001e3   Thumb Code     0  startup_stm32f10x_md.o(.text)
    TIM3_IRQHandler                          0x080001e3   Thumb Code     0  startup_stm32f10x_md.o(.text)
    TIM4_IRQHandler                          0x080001e3   Thumb Code     0  startup_stm32f10x_md.o(.text)
    USART1_IRQHandler                        0x080001e3   Thumb Code     0  startup_stm32f10x_md.o(.text)
    USART2_IRQHandler                        0x080001e3   Thumb Code     0  startup_stm32f10x_md.o(.text)
    USART3_IRQHandler                        0x080001e3   Thumb Code     0  startup_stm32f10x_md.o(.text)
    USB_HP_CAN1_TX_IRQHandler                0x080001e3   Thumb Code     0  startup_stm32f10x_md.o(.text)
    WWDG_IRQHandler                          0x080001e3   Thumb Code     0  startup_stm32f10x_md.o(.text)
    __user_initial_stackheap                 0x080001e5   Thumb Code     0  startup_stm32f10x_md.o(.text)
    NVIC_PriorityGroupConfig                 0x08000209   Thumb Code    10  misc.o(.text)
    NVIC_Init                                0x08000213   Thumb Code   100  misc.o(.text)
    NVIC_SetVectorTable                      0x08000277   Thumb Code    14  misc.o(.text)
    NVIC_SystemLPConfig                      0x08000285   Thumb Code    34  misc.o(.text)
    SysTick_CLKSourceConfig                  0x080002a7   Thumb Code    40  misc.o(.text)
    EXTI_DeInit                              0x080002e5   Thumb Code    28  stm32f10x_exti.o(.text)
    EXTI_Init                                0x08000301   Thumb Code   142  stm32f10x_exti.o(.text)
    EXTI_StructInit                          0x0800038f   Thumb Code    16  stm32f10x_exti.o(.text)
    EXTI_GenerateSWInterrupt                 0x0800039f   Thumb Code    16  stm32f10x_exti.o(.text)
    EXTI_GetFlagStatus                       0x080003af   Thumb Code    22  stm32f10x_exti.o(.text)
    EXTI_ClearFlag                           0x080003c5   Thumb Code     8  stm32f10x_exti.o(.text)
    EXTI_GetITStatus                         0x080003cd   Thumb Code    34  stm32f10x_exti.o(.text)
    EXTI_ClearITPendingBit                   0x080003ef   Thumb Code     8  stm32f10x_exti.o(.text)
    GPIO_DeInit                              0x08000401   Thumb Code   172  stm32f10x_gpio.o(.text)
    GPIO_AFIODeInit                          0x080004ad   Thumb Code    20  stm32f10x_gpio.o(.text)
    GPIO_Init                                0x080004c1   Thumb Code   278  stm32f10x_gpio.o(.text)
    GPIO_StructInit                          0x080005d7   Thumb Code    16  stm32f10x_gpio.o(.text)
    GPIO_ReadInputDataBit                    0x080005e7   Thumb Code    18  stm32f10x_gpio.o(.text)
    GPIO_ReadInputData                       0x080005f9   Thumb Code     8  stm32f10x_gpio.o(.text)
    GPIO_ReadOutputDataBit                   0x08000601   Thumb Code    18  stm32f10x_gpio.o(.text)
    GPIO_ReadOutputData                      0x08000613   Thumb Code     8  stm32f10x_gpio.o(.text)
    GPIO_SetBits                             0x0800061b   Thumb Code     4  stm32f10x_gpio.o(.text)
    GPIO_ResetBits                           0x0800061f   Thumb Code     4  stm32f10x_gpio.o(.text)
    GPIO_WriteBit                            0x08000623   Thumb Code    10  stm32f10x_gpio.o(.text)
    GPIO_Write                               0x0800062d   Thumb Code     4  stm32f10x_gpio.o(.text)
    GPIO_PinLockConfig                       0x08000631   Thumb Code    18  stm32f10x_gpio.o(.text)
    GPIO_EventOutputConfig                   0x08000643   Thumb Code    26  stm32f10x_gpio.o(.text)
    GPIO_EventOutputCmd                      0x0800065d   Thumb Code     6  stm32f10x_gpio.o(.text)
    GPIO_PinRemapConfig                      0x08000663   Thumb Code   138  stm32f10x_gpio.o(.text)
    GPIO_EXTILineConfig                      0x080006ed   Thumb Code    66  stm32f10x_gpio.o(.text)
    GPIO_ETH_MediaInterfaceConfig            0x0800072f   Thumb Code     8  stm32f10x_gpio.o(.text)
    RCC_DeInit                               0x0800075d   Thumb Code    64  stm32f10x_rcc.o(.text)
    RCC_HSEConfig                            0x0800079d   Thumb Code    70  stm32f10x_rcc.o(.text)
    RCC_GetFlagStatus                        0x080007e3   Thumb Code    56  stm32f10x_rcc.o(.text)
    RCC_WaitForHSEStartUp                    0x0800081b   Thumb Code    56  stm32f10x_rcc.o(.text)
    RCC_AdjustHSICalibrationValue            0x08000853   Thumb Code    20  stm32f10x_rcc.o(.text)
    RCC_HSICmd                               0x08000867   Thumb Code     6  stm32f10x_rcc.o(.text)
    RCC_PLLConfig                            0x0800086d   Thumb Code    24  stm32f10x_rcc.o(.text)
    RCC_PLLCmd                               0x08000885   Thumb Code     6  stm32f10x_rcc.o(.text)
    RCC_SYSCLKConfig                         0x0800088b   Thumb Code    18  stm32f10x_rcc.o(.text)
    RCC_GetSYSCLKSource                      0x0800089d   Thumb Code    10  stm32f10x_rcc.o(.text)
    RCC_HCLKConfig                           0x080008a7   Thumb Code    18  stm32f10x_rcc.o(.text)
    RCC_PCLK1Config                          0x080008b9   Thumb Code    18  stm32f10x_rcc.o(.text)
    RCC_PCLK2Config                          0x080008cb   Thumb Code    20  stm32f10x_rcc.o(.text)
    RCC_ITConfig                             0x080008df   Thumb Code    26  stm32f10x_rcc.o(.text)
    RCC_USBCLKConfig                         0x080008f9   Thumb Code     8  stm32f10x_rcc.o(.text)
    RCC_ADCCLKConfig                         0x08000901   Thumb Code    18  stm32f10x_rcc.o(.text)
    RCC_LSEConfig                            0x08000913   Thumb Code    50  stm32f10x_rcc.o(.text)
    RCC_LSICmd                               0x08000945   Thumb Code     6  stm32f10x_rcc.o(.text)
    RCC_RTCCLKConfig                         0x0800094b   Thumb Code    12  stm32f10x_rcc.o(.text)
    RCC_RTCCLKCmd                            0x08000957   Thumb Code     8  stm32f10x_rcc.o(.text)
    RCC_GetClocksFreq                        0x0800095f   Thumb Code   192  stm32f10x_rcc.o(.text)
    RCC_AHBPeriphClockCmd                    0x08000a1f   Thumb Code    26  stm32f10x_rcc.o(.text)
    RCC_APB2PeriphClockCmd                   0x08000a39   Thumb Code    26  stm32f10x_rcc.o(.text)
    RCC_APB1PeriphClockCmd                   0x08000a53   Thumb Code    26  stm32f10x_rcc.o(.text)
    RCC_APB2PeriphResetCmd                   0x08000a6d   Thumb Code    26  stm32f10x_rcc.o(.text)
    RCC_APB1PeriphResetCmd                   0x08000a87   Thumb Code    26  stm32f10x_rcc.o(.text)
    RCC_BackupResetCmd                       0x08000aa1   Thumb Code     8  stm32f10x_rcc.o(.text)
    RCC_ClockSecuritySystemCmd               0x08000aa9   Thumb Code     6  stm32f10x_rcc.o(.text)
    RCC_MCOConfig                            0x08000aaf   Thumb Code     6  stm32f10x_rcc.o(.text)
    RCC_ClearFlag                            0x08000ab5   Thumb Code    14  stm32f10x_rcc.o(.text)
    RCC_GetITStatus                          0x08000ac3   Thumb Code    20  stm32f10x_rcc.o(.text)
    RCC_ClearITPendingBit                    0x08000ad7   Thumb Code     6  stm32f10x_rcc.o(.text)
    Set_System                               0x08000b09   Thumb Code    92  hw_config.o(.text)
    Set_USBClock                             0x08000b65   Thumb Code    18  hw_config.o(.text)
    Enter_LowPowerMode                       0x08000b77   Thumb Code     8  hw_config.o(.text)
    Leave_LowPowerMode                       0x08000b7f   Thumb Code    28  hw_config.o(.text)
    USB_Interrupts_Config                    0x08000b9b   Thumb Code    60  hw_config.o(.text)
    USB_Cable_Config                         0x08000bd7   Thumb Code    34  hw_config.o(.text)
    Handle_USBAsynchXfer                     0x08000bf9   Thumb Code    62  hw_config.o(.text)
    Get_SerialNum                            0x08000c75   Thumb Code    42  hw_config.o(.text)
    NMI_Handler                              0x08000cc9   Thumb Code     2  stm32_it.o(.text)
    HardFault_Handler                        0x08000ccb   Thumb Code     4  stm32_it.o(.text)
    MemManage_Handler                        0x08000ccf   Thumb Code     4  stm32_it.o(.text)
    BusFault_Handler                         0x08000cd3   Thumb Code     4  stm32_it.o(.text)
    UsageFault_Handler                       0x08000cd7   Thumb Code     4  stm32_it.o(.text)
    SVC_Handler                              0x08000cdb   Thumb Code     2  stm32_it.o(.text)
    DebugMon_Handler                         0x08000cdd   Thumb Code     2  stm32_it.o(.text)
    PendSV_Handler                           0x08000cdf   Thumb Code     2  stm32_it.o(.text)
    SysTick_Handler                          0x08000ce1   Thumb Code     2  stm32_it.o(.text)
    USB_LP_CAN1_RX0_IRQHandler               0x08000ce3   Thumb Code     8  stm32_it.o(.text)
    USBWakeUp_IRQHandler                     0x08000ceb   Thumb Code    12  stm32_it.o(.text)
    EP1_IN_Callback                          0x08000cf9   Thumb Code    50  usb_endp.o(.text)
    EP3_OUT_Callback                         0x08000d2b   Thumb Code    28  usb_endp.o(.text)
    SOF_Callback                             0x08000d47   Thumb Code    44  usb_endp.o(.text)
    USB_Istr                                 0x08000d91   Thumb Code   426  usb_istr.o(.text)
    Virtual_Com_Port_init                    0x08000f61   Thumb Code    30  usb_prop.o(.text)
    Virtual_Com_Port_Reset                   0x08000f7f   Thumb Code   216  usb_prop.o(.text)
    Virtual_Com_Port_SetConfiguration        0x08001057   Thumb Code    14  usb_prop.o(.text)
    Virtual_Com_Port_SetDeviceAddress        0x08001065   Thumb Code     8  usb_prop.o(.text)
    Virtual_Com_Port_Status_In               0x0800106d   Thumb Code    16  usb_prop.o(.text)
    Virtual_Com_Port_Status_Out              0x0800107d   Thumb Code     2  usb_prop.o(.text)
    Virtual_Com_Port_SetLineCoding           0x0800107f   Thumb Code    20  usb_prop.o(.text)
    Virtual_Com_Port_GetLineCoding           0x08001093   Thumb Code    20  usb_prop.o(.text)
    Virtual_Com_Port_Data_Setup              0x080010a7   Thumb Code    86  usb_prop.o(.text)
    Virtual_Com_Port_NoData_Setup            0x080010fd   Thumb Code    36  usb_prop.o(.text)
    Virtual_Com_Port_GetDeviceDescriptor     0x08001121   Thumb Code    14  usb_prop.o(.text)
    Virtual_Com_Port_GetConfigDescriptor     0x0800112f   Thumb Code    14  usb_prop.o(.text)
    Virtual_Com_Port_GetStringDescriptor     0x0800113d   Thumb Code    32  usb_prop.o(.text)
    Virtual_Com_Port_Get_Interface_Setting   0x0800115d   Thumb Code    22  usb_prop.o(.text)
    PowerOn                                  0x0800119d   Thumb Code    54  usb_pwr.o(.text)
    PowerOff                                 0x080011d3   Thumb Code    28  usb_pwr.o(.text)
    Suspend                                  0x080011ef   Thumb Code   240  usb_pwr.o(.text)
    Resume_Init                              0x080012df   Thumb Code    30  usb_pwr.o(.text)
    Resume                                   0x080012fd   Thumb Code   194  usb_pwr.o(.text)
    SystemInit                               0x080013e1   Thumb Code   214  main.o(.text)
    main                                     0x080014b7   Thumb Code    62  main.o(.text)
    packet_buffer_to_rx_fifo                 0x08001501   Thumb Code   100  usb-fifo.o(.text)
    rx_fifo_to_tx_fifo                       0x08001565   Thumb Code   138  usb-fifo.o(.text)
    tx_fifo_to_packet_buffer                 0x080015ef   Thumb Code   142  usb-fifo.o(.text)
    Standard_GetConfiguration                0x0800169d   Thumb Code    34  usb_core.o(.text)
    Standard_SetConfiguration                0x080016bf   Thumb Code    60  usb_core.o(.text)
    Standard_GetInterface                    0x080016fb   Thumb Code    34  usb_core.o(.text)
    Standard_SetInterface                    0x0800171d   Thumb Code    96  usb_core.o(.text)
    Standard_GetStatus                       0x0800177d   Thumb Code   238  usb_core.o(.text)
    Standard_ClearFeature                    0x0800186b   Thumb Code   342  usb_core.o(.text)
    Standard_SetEndPointFeature              0x080019c1   Thumb Code   220  usb_core.o(.text)
    Standard_SetDeviceFeature                0x08001a9d   Thumb Code    30  usb_core.o(.text)
    Standard_GetDescriptorData               0x08001abb   Thumb Code    32  usb_core.o(.text)
    Post0_Process                            0x08001fef   Thumb Code    54  usb_core.o(.text)
    Setup0_Process                           0x08002025   Thumb Code   170  usb_core.o(.text)
    SetDeviceAddress                         0x080020cf   Thumb Code    70  usb_core.o(.text)
    In0_Process                              0x08002115   Thumb Code    98  usb_core.o(.text)
    Out0_Process                             0x08002177   Thumb Code    70  usb_core.o(.text)
    NOP_Process                              0x080021bd   Thumb Code     2  usb_core.o(.text)
    USB_Init                                 0x080021ed   Thumb Code    36  usb_init.o(.text)
    CTR_LP                                   0x08002229   Thumb Code   616  usb_int.o(.text)
    CTR_HP                                   0x08002491   Thumb Code   178  usb_int.o(.text)
    UserToPMABufferCopy                      0x08002565   Thumb Code    52  usb_mem.o(.text)
    PMAToUserBufferCopy                      0x08002599   Thumb Code    34  usb_mem.o(.text)
    SetCNTR                                  0x080025c1   Thumb Code     6  usb_regs.o(.text)
    GetCNTR                                  0x080025c7   Thumb Code     8  usb_regs.o(.text)
    SetISTR                                  0x080025cf   Thumb Code     8  usb_regs.o(.text)
    GetISTR                                  0x080025d7   Thumb Code    10  usb_regs.o(.text)
    GetFNR                                   0x080025e1   Thumb Code    10  usb_regs.o(.text)
    SetDADDR                                 0x080025eb   Thumb Code     8  usb_regs.o(.text)
    GetDADDR                                 0x080025f3   Thumb Code    10  usb_regs.o(.text)
    SetBTABLE                                0x080025fd   Thumb Code    14  usb_regs.o(.text)
    GetBTABLE                                0x0800260b   Thumb Code    10  usb_regs.o(.text)
    SetENDPOINT                              0x08002615   Thumb Code    12  usb_regs.o(.text)
    GetENDPOINT                              0x08002621   Thumb Code    16  usb_regs.o(.text)
    SetEPType                                0x08002631   Thumb Code    32  usb_regs.o(.text)
    GetEPType                                0x08002651   Thumb Code    18  usb_regs.o(.text)
    SetEPTxStatus                            0x08002663   Thumb Code    60  usb_regs.o(.text)
    SetEPRxStatus                            0x0800269f   Thumb Code    60  usb_regs.o(.text)
    SetDouBleBuffEPStall                     0x080026db   Thumb Code    54  usb_regs.o(.text)
    GetEPTxStatus                            0x08002711   Thumb Code    18  usb_regs.o(.text)
    GetEPRxStatus                            0x08002723   Thumb Code    18  usb_regs.o(.text)
    SetEPTxValid                             0x08002735   Thumb Code    48  usb_regs.o(.text)
    SetEPRxValid                             0x08002765   Thumb Code    48  usb_regs.o(.text)
    SetEP_KIND                               0x08002795   Thumb Code    38  usb_regs.o(.text)
    ClearEP_KIND                             0x080027bb   Thumb Code    34  usb_regs.o(.text)
    Clear_Status_Out                         0x080027dd   Thumb Code    34  usb_regs.o(.text)
    Set_Status_Out                           0x080027ff   Thumb Code    38  usb_regs.o(.text)
    SetEPDoubleBuff                          0x08002825   Thumb Code    38  usb_regs.o(.text)
    ClearEPDoubleBuff                        0x0800284b   Thumb Code    34  usb_regs.o(.text)
    GetTxStallStatus                         0x0800286d   Thumb Code    28  usb_regs.o(.text)
    GetRxStallStatus                         0x08002889   Thumb Code    30  usb_regs.o(.text)
    ClearEP_CTR_RX                           0x080028a7   Thumb Code    32  usb_regs.o(.text)
    ClearEP_CTR_TX                           0x080028c7   Thumb Code    28  usb_regs.o(.text)
    ToggleDTOG_RX                            0x080028e3   Thumb Code    34  usb_regs.o(.text)
    ToggleDTOG_TX                            0x08002905   Thumb Code    34  usb_regs.o(.text)
    ClearDTOG_RX                             0x08002927   Thumb Code    48  usb_regs.o(.text)
    ClearDTOG_TX                             0x08002957   Thumb Code    48  usb_regs.o(.text)
    SetEPAddress                             0x08002987   Thumb Code    46  usb_regs.o(.text)
    GetEPAddress                             0x080029b5   Thumb Code    18  usb_regs.o(.text)
    SetEPTxAddr                              0x080029c7   Thumb Code    24  usb_regs.o(.text)
    SetEPRxAddr                              0x080029df   Thumb Code    26  usb_regs.o(.text)
    GetEPTxAddr                              0x080029f9   Thumb Code    22  usb_regs.o(.text)
    GetEPRxAddr                              0x08002a0f   Thumb Code    24  usb_regs.o(.text)
    SetEPTxCount                             0x08002a27   Thumb Code    20  usb_regs.o(.text)
    SetEPCountRxReg                          0x08002a3b   Thumb Code    48  usb_regs.o(.text)
    SetEPRxCount                             0x08002a6b   Thumb Code    68  usb_regs.o(.text)
    GetEPTxCount                             0x08002aaf   Thumb Code    26  usb_regs.o(.text)
    GetEPRxCount                             0x08002ac9   Thumb Code    26  usb_regs.o(.text)
    SetEPDblBuffAddr                         0x08002ae3   Thumb Code    44  usb_regs.o(.text)
    SetEPDblBuf0Addr                         0x08002b0f   Thumb Code    24  usb_regs.o(.text)
    SetEPDblBuf1Addr                         0x08002b27   Thumb Code    26  usb_regs.o(.text)
    GetEPDblBuf0Addr                         0x08002b41   Thumb Code    22  usb_regs.o(.text)
    GetEPDblBuf1Addr                         0x08002b57   Thumb Code    24  usb_regs.o(.text)
    SetEPDblBuffCount                        0x08002b6f   Thumb Code   186  usb_regs.o(.text)
    SetEPDblBuf0Count                        0x08002c29   Thumb Code    96  usb_regs.o(.text)
    SetEPDblBuf1Count                        0x08002c89   Thumb Code    96  usb_regs.o(.text)
    GetEPDblBuf0Count                        0x08002ce9   Thumb Code    26  usb_regs.o(.text)
    GetEPDblBuf1Count                        0x08002d03   Thumb Code    26  usb_regs.o(.text)
    GetEPDblBufDir                           0x08002d1d   Thumb Code    62  usb_regs.o(.text)
    FreeUserBuffer                           0x08002d5b   Thumb Code    90  usb_regs.o(.text)
    ToWord                                   0x08002db5   Thumb Code     8  usb_regs.o(.text)
    ByteSwap                                 0x08002dbd   Thumb Code    12  usb_regs.o(.text)
    USB_SIL_Init                             0x08002dc9   Thumb Code    28  usb_sil.o(.text)
    USB_SIL_Write                            0x08002de5   Thumb Code    46  usb_sil.o(.text)
    USB_SIL_Read                             0x08002e13   Thumb Code    46  usb_sil.o(.text)
    __use_two_region_memory                  0x08002e49   Thumb Code     2  heapauxi.o(.text)
    __rt_heap_escrow$2region                 0x08002e4b   Thumb Code     2  heapauxi.o(.text)
    __rt_heap_expand$2region                 0x08002e4d   Thumb Code     2  heapauxi.o(.text)
    __user_setup_stackheap                   0x08002e4f   Thumb Code    74  sys_stackheap_outer.o(.text)
    exit                                     0x08002e99   Thumb Code    18  exit.o(.text)
    __user_libspace                          0x08002ead   Thumb Code     8  libspace.o(.text)
    __user_perproc_libspace                  0x08002ead   Thumb Code     0  libspace.o(.text)
    __user_perthread_libspace                0x08002ead   Thumb Code     0  libspace.o(.text)
    _sys_exit                                0x08002eb5   Thumb Code     8  sys_exit.o(.text)
    __I$use$semihosting                      0x08002ec1   Thumb Code     0  use_no_semi.o(.text)
    __use_no_semihosting_swi                 0x08002ec1   Thumb Code     2  use_no_semi.o(.text)
    Virtual_Com_Port_DeviceDescriptor        0x08002ec2   Data          18  usb_desc.o(.constdata)
    __semihosting_library_function           0x08002ec3   Thumb Code     0  indicate_semi.o(.text)
    Virtual_Com_Port_ConfigDescriptor        0x08002ed4   Data          67  usb_desc.o(.constdata)
    Virtual_Com_Port_StringLangID            0x08002f17   Data           4  usb_desc.o(.constdata)
    Virtual_Com_Port_StringVendor            0x08002f1b   Data          38  usb_desc.o(.constdata)
    Virtual_Com_Port_StringProduct           0x08002f41   Data          50  usb_desc.o(.constdata)
    Region$$Table$$Base                      0x08002f74   Number         0  anon$$obj.o(Region$$Table)
    Region$$Table$$Limit                     0x08002f94   Number         0  anon$$obj.o(Region$$Table)
    HSEStartUpStatus                         0x20000014   Data           1  hw_config.o(.data)
    USB_Tx_State                             0x20000015   Data           1  hw_config.o(.data)
    b                                        0x20000016   Data           2  hw_config.o(.data)
    Virtual_Com_Port_StringSerial            0x20000018   Data          26  usb_desc.o(.data)
    a                                        0x20000034   Data           1  usb_endp.o(.data)
    wIstr                                    0x2000003c   Data           2  usb_istr.o(.data)
    bIntPackSOF                              0x2000003e   Data           1  usb_istr.o(.data)
    esof_counter                             0x20000040   Data           4  usb_istr.o(.data)
    wCNTR                                    0x20000044   Data           4  usb_istr.o(.data)
    pEpInt_IN                                0x20000048   Data          28  usb_istr.o(.data)
    pEpInt_OUT                               0x20000064   Data          28  usb_istr.o(.data)
    Request                                  0x20000080   Data           1  usb_prop.o(.data)
    linecoding                               0x20000084   Data           8  usb_prop.o(.data)
    Device_Table                             0x2000008c   Data           2  usb_prop.o(.data)
    Device_Property                          0x20000090   Data          48  usb_prop.o(.data)
    User_Standard_Requests                   0x200000c0   Data          36  usb_prop.o(.data)
    Device_Descriptor                        0x200000e4   Data           8  usb_prop.o(.data)
    Config_Descriptor                        0x200000ec   Data           8  usb_prop.o(.data)
    String_Descriptor                        0x200000f4   Data          32  usb_prop.o(.data)
    bDeviceState                             0x20000114   Data           4  usb_pwr.o(.data)
    fSuspendEnabled                          0x20000118   Data           1  usb_pwr.o(.data)
    ResumeS                                  0x20000119   Data           2  usb_pwr.o(.data)
    remotewakeupon                           0x2000011c   Data           4  usb_pwr.o(.data)
    port                                     0x20000120   Data           4  main.o(.data)
    packet_size                              0x20000124   Data           1  main.o(.data)
    flag_RX_USB                              0x20000125   Data           1  main.o(.data)
    flag_TX_USB                              0x20000126   Data           1  main.o(.data)
    counter                                  0x20000128   Data           1  usb-fifo.o(.data)
    i                                        0x2000012a   Data           2  usb-fifo.o(.data)
    StatusInfo                               0x2000012c   Data           2  usb_core.o(.data)
    Data_Mul_MaxPacketSize                   0x2000012e   Data           1  usb_core.o(.data)
    EPindex                                  0x20000130   Data           1  usb_init.o(.data)
    pInformation                             0x20000134   Data           4  usb_init.o(.data)
    pProperty                                0x20000138   Data           4  usb_init.o(.data)
    SaveState                                0x2000013c   Data           2  usb_init.o(.data)
    wInterrupt_Mask                          0x2000013e   Data           2  usb_init.o(.data)
    pUser_Standard_Requests                  0x20000140   Data           4  usb_init.o(.data)
    SaveRState                               0x20000144   Data           2  usb_int.o(.data)
    SaveTState                               0x20000146   Data           2  usb_int.o(.data)
    EP                                       0x20000148   Data          32  usb_pwr.o(.bss)
    packet_buffer                            0x20000168   Data          64  main.o(.bss)
    tx_fifo                                  0x200001a8   Data         258  usb-fifo.o(.bss)
    rx_fifo                                  0x200002aa   Data         258  usb-fifo.o(.bss)
    Device_Info                              0x200003ac   Data          28  usb_init.o(.bss)
    __libspace_start                         0x200003c8   Data          96  libspace.o(.bss)
    __temporary_stack_top$libspace           0x20000428   Data           0  libspace.o(.bss)



==============================================================================

Memory Map of the image

  Image Entry point : 0x080001c9

  Load Region LR_1 (Base: 0x08000000, Size: 0x000030dc, Max: 0xffffffff, ABSOLUTE, COMPRESSED[0x0000301c])

    Execution Region ER_RO (Base: 0x08000000, Size: 0x00002f94, Max: 0xffffffff, ABSOLUTE)

    Base Addr    Size         Type   Attr      Idx    E Section Name        Object

    0x08000000   0x000000ec   Data   RO            3    RESET               startup_stm32f10x_md.o
    0x080000ec   0x00000008   Code   RO         1094  * !!!main             c_w.l(__main.o)
    0x080000f4   0x00000034   Code   RO         1253    !!!scatter          c_w.l(__scatter.o)
    0x08000128   0x0000005a   Code   RO         1251    !!dczerorl2         c_w.l(__dczerorl2.o)
    0x08000182   0x00000002   PAD
    0x08000184   0x0000001c   Code   RO         1255    !!handler_zi        c_w.l(__scatter_zi.o)
    0x080001a0   0x00000002   Code   RO         1121    .ARM.Collect$$libinit$$00000000  c_w.l(libinit.o)
    0x080001a2   0x00000000   Code   RO         1128    .ARM.Collect$$libinit$$00000002  c_w.l(libinit2.o)
    0x080001a2   0x00000000   Code   RO         1130    .ARM.Collect$$libinit$$00000004  c_w.l(libinit2.o)
    0x080001a2   0x00000000   Code   RO         1133    .ARM.Collect$$libinit$$0000000A  c_w.l(libinit2.o)
    0x080001a2   0x00000000   Code   RO         1135    .ARM.Collect$$libinit$$0000000C  c_w.l(libinit2.o)
    0x080001a2   0x00000000   Code   RO         1137    .ARM.Collect$$libinit$$0000000E  c_w.l(libinit2.o)
    0x080001a2   0x00000000   Code   RO         1140    .ARM.Collect$$libinit$$00000011  c_w.l(libinit2.o)
    0x080001a2   0x00000000   Code   RO         1142    .ARM.Collect$$libinit$$00000013  c_w.l(libinit2.o)
    0x080001a2   0x00000000   Code   RO         1144    .ARM.Collect$$libinit$$00000015  c_w.l(libinit2.o)
    0x080001a2   0x00000000   Code   RO         1146    .ARM.Collect$$libinit$$00000017  c_w.l(libinit2.o)
    0x080001a2   0x00000000   Code   RO         1148    .ARM.Collect$$libinit$$00000019  c_w.l(libinit2.o)
    0x080001a2   0x00000000   Code   RO         1150    .ARM.Collect$$libinit$$0000001B  c_w.l(libinit2.o)
    0x080001a2   0x00000000   Code   RO         1152    .ARM.Collect$$libinit$$0000001D  c_w.l(libinit2.o)
    0x080001a2   0x00000000   Code   RO         1154    .ARM.Collect$$libinit$$0000001F  c_w.l(libinit2.o)
    0x080001a2   0x00000000   Code   RO         1156    .ARM.Collect$$libinit$$00000021  c_w.l(libinit2.o)
    0x080001a2   0x00000000   Code   RO         1158    .ARM.Collect$$libinit$$00000023  c_w.l(libinit2.o)
    0x080001a2   0x00000000   Code   RO         1160    .ARM.Collect$$libinit$$00000025  c_w.l(libinit2.o)
    0x080001a2   0x00000000   Code   RO         1164    .ARM.Collect$$libinit$$0000002C  c_w.l(libinit2.o)
    0x080001a2   0x00000000   Code   RO         1166    .ARM.Collect$$libinit$$0000002E  c_w.l(libinit2.o)
    0x080001a2   0x00000000   Code   RO         1168    .ARM.Collect$$libinit$$00000030  c_w.l(libinit2.o)
    0x080001a2   0x00000000   Code   RO         1170    .ARM.Collect$$libinit$$00000032  c_w.l(libinit2.o)
    0x080001a2   0x00000002   Code   RO         1171    .ARM.Collect$$libinit$$00000033  c_w.l(libinit2.o)
    0x080001a4   0x00000002   Code   RO         1191    .ARM.Collect$$libshutdown$$00000000  c_w.l(libshutdown.o)
    0x080001a6   0x00000000   Code   RO         1204    .ARM.Collect$$libshutdown$$00000002  c_w.l(libshutdown2.o)
    0x080001a6   0x00000000   Code   RO         1206    .ARM.Collect$$libshutdown$$00000004  c_w.l(libshutdown2.o)
    0x080001a6   0x00000000   Code   RO         1209    .ARM.Collect$$libshutdown$$00000007  c_w.l(libshutdown2.o)
    0x080001a6   0x00000000   Code   RO         1212    .ARM.Collect$$libshutdown$$0000000A  c_w.l(libshutdown2.o)
    0x080001a6   0x00000000   Code   RO         1214    .ARM.Collect$$libshutdown$$0000000C  c_w.l(libshutdown2.o)
    0x080001a6   0x00000000   Code   RO         1217    .ARM.Collect$$libshutdown$$0000000F  c_w.l(libshutdown2.o)
    0x080001a6   0x00000002   Code   RO         1218    .ARM.Collect$$libshutdown$$00000010  c_w.l(libshutdown2.o)
    0x080001a8   0x00000000   Code   RO         1096    .ARM.Collect$$rtentry$$00000000  c_w.l(__rtentry.o)
    0x080001a8   0x00000000   Code   RO         1098    .ARM.Collect$$rtentry$$00000002  c_w.l(__rtentry2.o)
    0x080001a8   0x00000006   Code   RO         1110    .ARM.Collect$$rtentry$$00000004  c_w.l(__rtentry4.o)
    0x080001ae   0x00000000   Code   RO         1100    .ARM.Collect$$rtentry$$00000009  c_w.l(__rtentry2.o)
    0x080001ae   0x00000004   Code   RO         1101    .ARM.Collect$$rtentry$$0000000A  c_w.l(__rtentry2.o)
    0x080001b2   0x00000000   Code   RO         1103    .ARM.Collect$$rtentry$$0000000C  c_w.l(__rtentry2.o)
    0x080001b2   0x00000008   Code   RO         1104    .ARM.Collect$$rtentry$$0000000D  c_w.l(__rtentry2.o)
    0x080001ba   0x00000002   Code   RO         1125    .ARM.Collect$$rtexit$$00000000  c_w.l(rtexit.o)
    0x080001bc   0x00000000   Code   RO         1173    .ARM.Collect$$rtexit$$00000002  c_w.l(rtexit2.o)
    0x080001bc   0x00000004   Code   RO         1174    .ARM.Collect$$rtexit$$00000003  c_w.l(rtexit2.o)
    0x080001c0   0x00000006   Code   RO         1175    .ARM.Collect$$rtexit$$00000004  c_w.l(rtexit2.o)
    0x080001c6   0x00000002   PAD
    0x080001c8   0x00000040   Code   RO            4  * .text               startup_stm32f10x_md.o
    0x08000208   0x000000dc   Code   RO           76    .text               misc.o
    0x080002e4   0x0000011c   Code   RO          303    .text               stm32f10x_exti.o
    0x08000400   0x0000035c   Code   RO          372    .text               stm32f10x_gpio.o
    0x0800075c   0x000003ac   Code   RO          464    .text               stm32f10x_rcc.o
    0x08000b08   0x000001c0   Code   RO          627    .text               hw_config.o
    0x08000cc8   0x0000002e   Code   RO          701    .text               stm32_it.o
    0x08000cf6   0x00000002   PAD
    0x08000cf8   0x00000098   Code   RO          748    .text               usb_endp.o
    0x08000d90   0x000001d0   Code   RO          772    .text               usb_istr.o
    0x08000f60   0x0000023c   Code   RO          798    .text               usb_prop.o
    0x0800119c   0x00000244   Code   RO          829    .text               usb_pwr.o
    0x080013e0   0x00000120   Code   RO          856    .text               main.o
    0x08001500   0x0000019c   Code   RO          891    .text               usb-fifo.o
    0x0800169c   0x00000b50   Code   RO          919    .text               usb_core.o
    0x080021ec   0x0000003c   Code   RO          969    .text               usb_init.o
    0x08002228   0x0000033c   Code   RO         1000    .text               usb_int.o
    0x08002564   0x0000005c   Code   RO         1032    .text               usb_mem.o
    0x080025c0   0x00000808   Code   RO         1052    .text               usb_regs.o
    0x08002dc8   0x00000080   Code   RO         1072    .text               usb_sil.o
    0x08002e48   0x00000006   Code   RO         1092    .text               c_w.l(heapauxi.o)
    0x08002e4e   0x0000004a   Code   RO         1112    .text               c_w.l(sys_stackheap_outer.o)
    0x08002e98   0x00000012   Code   RO         1114    .text               c_w.l(exit.o)
    0x08002eaa   0x00000002   PAD
    0x08002eac   0x00000008   Code   RO         1122    .text               c_w.l(libspace.o)
    0x08002eb4   0x0000000c   Code   RO         1183    .text               c_w.l(sys_exit.o)
    0x08002ec0   0x00000002   Code   RO         1194    .text               c_w.l(use_no_semi.o)
    0x08002ec2   0x00000000   Code   RO         1196    .text               c_w.l(indicate_semi.o)
    0x08002ec2   0x000000b1   Data   RO          727    .constdata          usb_desc.o
    0x08002f73   0x00000001   PAD
    0x08002f74   0x00000020   Data   RO         1249    Region$$Table       anon$$obj.o


    Execution Region ER_RW (Base: 0x20000000, Size: 0x00000148, Max: 0xffffffff, ABSOLUTE, COMPRESSED[0x00000088])

    Base Addr    Size         Type   Attr      Idx    E Section Name        Object

    0x20000000   0x00000014   Data   RW          465    .data               stm32f10x_rcc.o
    0x20000014   0x00000004   Data   RW          628    .data               hw_config.o
    0x20000018   0x0000001a   Data   RW          728    .data               usb_desc.o
    0x20000032   0x00000002   PAD
    0x20000034   0x00000008   Data   RW          749    .data               usb_endp.o
    0x2000003c   0x00000044   Data   RW          773    .data               usb_istr.o
    0x20000080   0x00000094   Data   RW          799    .data               usb_prop.o
    0x20000114   0x0000000c   Data   RW          831    .data               usb_pwr.o
    0x20000120   0x00000007   Data   RW          858    .data               main.o
    0x20000127   0x00000001   PAD
    0x20000128   0x00000004   Data   RW          893    .data               usb-fifo.o
    0x2000012c   0x00000003   Data   RW          920    .data               usb_core.o
    0x2000012f   0x00000001   PAD
    0x20000130   0x00000014   Data   RW          971    .data               usb_init.o
    0x20000144   0x00000004   Data   RW         1001    .data               usb_int.o


    Execution Region ER_ZI (Base: 0x20000148, Size: 0x000008e0, Max: 0xffffffff, ABSOLUTE)

    Base Addr    Size         Type   Attr      Idx    E Section Name        Object

    0x20000148   0x00000020   Zero   RW          830    .bss                usb_pwr.o
    0x20000168   0x00000040   Zero   RW          857    .bss                main.o
    0x200001a8   0x00000204   Zero   RW          892    .bss                usb-fifo.o
    0x200003ac   0x0000001c   Zero   RW          970    .bss                usb_init.o
    0x200003c8   0x00000060   Zero   RW         1123    .bss                c_w.l(libspace.o)
    0x20000428   0x00000200   Zero   RW            2    HEAP                startup_stm32f10x_md.o
    0x20000628   0x00000400   Zero   RW            1    STACK               startup_stm32f10x_md.o


==============================================================================

Image component sizes


      Code (inc. data)   RO Data    RW Data    ZI Data      Debug   Object Name

       448         42          0          4          0       6415   hw_config.o
       288         12          0          7         64       1387   main.o
       220         22          0          0          0     206657   misc.o
        64         26        236          0       1536        788   startup_stm32f10x_md.o
        46          0          0          0          0       1486   stm32_it.o
         0          0          0          0          0       1612   stm32f10x_adc.o
       284         10          0          0          0       4183   stm32f10x_exti.o
       860         38          0          0          0      13845   stm32f10x_gpio.o
       940         44          0         20          0      17344   stm32f10x_rcc.o
         0          0          0          0          0      12796   system_stm32f10x.o
       412         32          0          4        516       1639   usb-fifo.o
      2896        114          0          3          0      19235   usb_core.o
         0          0        177         26          0        927   usb_desc.o
       152         30          0          8          0        884   usb_endp.o
        60         24          0         20         28       3770   usb_init.o
       828         34          0          4          0       1671   usb_int.o
       464         38          0         68          0       1407   usb_istr.o
        92          6          0          0          0       1222   usb_mem.o
       572         42          0        148          0       7083   usb_prop.o
       580         42          0         12         32       2715   usb_pwr.o
      2056         20          0          0          0      11801   usb_regs.o
       128          8          0          0          0       1286   usb_sil.o

    ----------------------------------------------------------------------
     11392        584        446        328       2176     320153   Object Totals
         0          0         32          0          0          0   (incl. Generated)
         2          0          1          4          0          0   (incl. Padding)

    ----------------------------------------------------------------------

      Code (inc. data)   RO Data    RW Data    ZI Data      Debug   Library Member Name

        90          0          0          0          0          0   __dczerorl2.o
         8          0          0          0          0         68   __main.o
         0          0          0          0          0          0   __rtentry.o
        12          0          0          0          0          0   __rtentry2.o
         6          0          0          0          0          0   __rtentry4.o
        52          8          0          0          0          0   __scatter.o
        28          0          0          0          0          0   __scatter_zi.o
        18          0          0          0          0         80   exit.o
         6          0          0          0          0        152   heapauxi.o
         0          0          0          0          0          0   indicate_semi.o
         2          0          0          0          0          0   libinit.o
         2          0          0          0          0          0   libinit2.o
         2          0          0          0          0          0   libshutdown.o
         2          0          0          0          0          0   libshutdown2.o
         8          4          0          0         96         68   libspace.o
         2          0          0          0          0          0   rtexit.o
        10          0          0          0          0          0   rtexit2.o
        12          4          0          0          0         68   sys_exit.o
        74          0          0          0          0         80   sys_stackheap_outer.o
         2          0          0          0          0         68   use_no_semi.o

    ----------------------------------------------------------------------
       342         16          0          0         96        584   Library Totals
         6          0          0          0          0          0   (incl. Padding)

    ----------------------------------------------------------------------

      Code (inc. data)   RO Data    RW Data    ZI Data      Debug   Library Name

       336         16          0          0         96        584   c_w.l

    ----------------------------------------------------------------------
       342         16          0          0         96        584   Library Totals

    ----------------------------------------------------------------------

==============================================================================


      Code (inc. data)   RO Data    RW Data    ZI Data      Debug   

     11734        600        446        328       2272     318965   Grand Totals
     11734        600        446        136       2272     318965   ELF Image Totals (compressed)
     11734        600        446        136          0          0   ROM Totals

==============================================================================

    Total RO  Size (Code + RO Data)                12180 (  11.89kB)
    Total RW  Size (RW Data + ZI Data)              2600 (   2.54kB)
    Total ROM Size (Code + RO Data + RW Data)      12316 (  12.03kB)

==============================================================================

